   1              		.file	"wbuart.c"
   2              		.option nopic
   3              		.attribute arch, "rv32i2p1_m2p0_c2p0_zicsr2p0"
   4              		.attribute unaligned_access, 0
   5              		.attribute stack_align, 16
   6              		.text
   7              	.Ltext0:
   8              		.cfi_sections	.debug_frame
   9              		.file 0 "F:\\ALL_PROJECT\\gowin\\GMD_workspace\\my_1\\Debug" "../src/bsp/wbuart.c"
  10              		.section	.text.wbuart_init,"ax",@progbits
  11              		.align	1
  12              		.globl	wbuart_init
  14              	wbuart_init:
  15              	.LFB3:
  16              		.file 1 "../src/bsp/wbuart.c"
   1:../src/bsp/wbuart.c **** /*
   2:../src/bsp/wbuart.c ****  ******************************************************************************************
   3:../src/bsp/wbuart.c ****  * @file		wbuart.c
   4:../src/bsp/wbuart.c ****  * @author		GowinSemicoductor
   5:../src/bsp/wbuart.c ****  * @device		Gowin_PicoRV32
   6:../src/bsp/wbuart.c ****  * @brief		Wishbone UART Peripheral.
   7:../src/bsp/wbuart.c ****  ******************************************************************************************
   8:../src/bsp/wbuart.c ****  */
   9:../src/bsp/wbuart.c **** 
  10:../src/bsp/wbuart.c **** /* Includes ------------------------------------------------------------------------ */
  11:../src/bsp/wbuart.c **** #include "wbuart.h"
  12:../src/bsp/wbuart.c **** 
  13:../src/bsp/wbuart.c **** 
  14:../src/bsp/wbuart.c **** /* Definitions --------------------------------------------------------------------- */
  15:../src/bsp/wbuart.c **** 
  16:../src/bsp/wbuart.c **** uint32_t wbuart_init(unsigned int BaudRate)
  17:../src/bsp/wbuart.c **** {
  17              		.loc 1 17 1
  18              		.cfi_startproc
  19 0000 7971     		addi	sp,sp,-48
  20              		.cfi_def_cfa_offset 48
  21 0002 06D6     		sw	ra,44(sp)
  22 0004 22D4     		sw	s0,40(sp)
  23              		.cfi_offset 1, -4
  24              		.cfi_offset 8, -8
  25 0006 0018     		addi	s0,sp,48
  26              		.cfi_def_cfa 8, 0
  27 0008 232EA4FC 		sw	a0,-36(s0)
  18:../src/bsp/wbuart.c **** 	uint32_t ClkDiv = SYSCLKFREQ / BaudRate;
  28              		.loc 1 18 11
  29 000c B7079C01 		li	a5,27000832
  30 0010 138707CC 		addi	a4,a5,-832
  31 0014 8327C4FD 		lw	a5,-36(s0)
  32 0018 B357F702 		divu	a5,a4,a5
  33 001c 2326F4FE 		sw	a5,-20(s0)
  19:../src/bsp/wbuart.c **** 
  20:../src/bsp/wbuart.c **** 	PICO_WBUART->SETUP = ClkDiv;
  34              		.loc 1 20 13
  35 0020 B7070011 		li	a5,285212672
  36              		.loc 1 20 21
  37 0024 0327C4FE 		lw	a4,-20(s0)
  38 0028 98C3     		sw	a4,0(a5)
  21:../src/bsp/wbuart.c **** 
  22:../src/bsp/wbuart.c **** 	return ClkDiv;
  39              		.loc 1 22 9
  40 002a 8327C4FE 		lw	a5,-20(s0)
  23:../src/bsp/wbuart.c **** }
  41              		.loc 1 23 1
  42 002e 3E85     		mv	a0,a5
  43 0030 B250     		lw	ra,44(sp)
  44              		.cfi_restore 1
  45 0032 2254     		lw	s0,40(sp)
  46              		.cfi_restore 8
  47              		.cfi_def_cfa 2, 48
  48 0034 4561     		addi	sp,sp,48
  49              		.cfi_def_cfa_offset 0
  50 0036 8280     		jr	ra
  51              		.cfi_endproc
  52              	.LFE3:
  54              		.section	.text.wbuart_putc,"ax",@progbits
  55              		.align	1
  56              		.globl	wbuart_putc
  58              	wbuart_putc:
  59              	.LFB4:
  24:../src/bsp/wbuart.c **** 
  25:../src/bsp/wbuart.c **** int wbuart_putc(int c)
  26:../src/bsp/wbuart.c **** {
  60              		.loc 1 26 1
  61              		.cfi_startproc
  62 0000 7971     		addi	sp,sp,-48
  63              		.cfi_def_cfa_offset 48
  64 0002 06D6     		sw	ra,44(sp)
  65 0004 22D4     		sw	s0,40(sp)
  66              		.cfi_offset 1, -4
  67              		.cfi_offset 8, -8
  68 0006 0018     		addi	s0,sp,48
  69              		.cfi_def_cfa 8, 0
  70 0008 232EA4FC 		sw	a0,-36(s0)
  27:../src/bsp/wbuart.c **** 	while((PICO_WBUART->TXREG) & (1UL << 8));
  71              		.loc 1 27 7
  72 000c 0100     		nop
  73              	.L4:
  74              		.loc 1 27 20 discriminator 1
  75 000e B7070011 		li	a5,285212672
  76 0012 DC47     		lw	a5,12(a5)
  77              		.loc 1 27 29 discriminator 1
  78 0014 93F70710 		andi	a5,a5,256
  79              		.loc 1 27 8 discriminator 1
  80 0018 FDFB     		bne	a5,zero,.L4
  28:../src/bsp/wbuart.c **** 	uint32_t tmp = PICO_WBUART->TXREG & (~0xff);
  81              		.loc 1 28 28
  82 001a B7070011 		li	a5,285212672
  83 001e DC47     		lw	a5,12(a5)
  84              		.loc 1 28 11
  85 0020 93F707F0 		andi	a5,a5,-256
  86 0024 2326F4FE 		sw	a5,-20(s0)
  29:../src/bsp/wbuart.c **** 	PICO_WBUART->TXREG = tmp + (c & 0xff);
  87              		.loc 1 29 32
  88 0028 8327C4FD 		lw	a5,-36(s0)
  89 002c 93F6F70F 		andi	a3,a5,255
  90              		.loc 1 29 13
  91 0030 B7070011 		li	a5,285212672
  92              		.loc 1 29 27
  93 0034 0327C4FE 		lw	a4,-20(s0)
  94 0038 3697     		add	a4,a3,a4
  95              		.loc 1 29 21
  96 003a D8C7     		sw	a4,12(a5)
  30:../src/bsp/wbuart.c **** 
  31:../src/bsp/wbuart.c **** 	return c;
  97              		.loc 1 31 9
  98 003c 8327C4FD 		lw	a5,-36(s0)
  32:../src/bsp/wbuart.c **** }
  99              		.loc 1 32 1
 100 0040 3E85     		mv	a0,a5
 101 0042 B250     		lw	ra,44(sp)
 102              		.cfi_restore 1
 103 0044 2254     		lw	s0,40(sp)
 104              		.cfi_restore 8
 105              		.cfi_def_cfa 2, 48
 106 0046 4561     		addi	sp,sp,48
 107              		.cfi_def_cfa_offset 0
 108 0048 8280     		jr	ra
 109              		.cfi_endproc
 110              	.LFE4:
 112              		.section	.text.wbuart_getc,"ax",@progbits
 113              		.align	1
 114              		.globl	wbuart_getc
 116              	wbuart_getc:
 117              	.LFB5:
  33:../src/bsp/wbuart.c **** 
  34:../src/bsp/wbuart.c **** int wbuart_getc(void)
  35:../src/bsp/wbuart.c **** {
 118              		.loc 1 35 1
 119              		.cfi_startproc
 120 0000 0111     		addi	sp,sp,-32
 121              		.cfi_def_cfa_offset 32
 122 0002 06CE     		sw	ra,28(sp)
 123 0004 22CC     		sw	s0,24(sp)
 124              		.cfi_offset 1, -4
 125              		.cfi_offset 8, -8
 126 0006 0010     		addi	s0,sp,32
 127              		.cfi_def_cfa 8, 0
  36:../src/bsp/wbuart.c **** 	uint8_t tmp = 0;
 128              		.loc 1 36 10
 129 0008 A30704FE 		sb	zero,-17(s0)
  37:../src/bsp/wbuart.c **** 
  38:../src/bsp/wbuart.c **** 	while((PICO_WBUART->RXREG) & (1UL << 8));
 130              		.loc 1 38 7
 131 000c 0100     		nop
 132              	.L7:
 133              		.loc 1 38 20 discriminator 1
 134 000e B7070011 		li	a5,285212672
 135 0012 9C47     		lw	a5,8(a5)
 136              		.loc 1 38 29 discriminator 1
 137 0014 93F70710 		andi	a5,a5,256
 138              		.loc 1 38 8 discriminator 1
 139 0018 FDFB     		bne	a5,zero,.L7
  39:../src/bsp/wbuart.c **** 	tmp = (PICO_WBUART->RXREG) & 0xff;
 140              		.loc 1 39 20
 141 001a B7070011 		li	a5,285212672
 142 001e 9C47     		lw	a5,8(a5)
 143              		.loc 1 39 6
 144 0020 A307F4FE 		sb	a5,-17(s0)
  40:../src/bsp/wbuart.c **** 
  41:../src/bsp/wbuart.c **** 	return tmp;
 145              		.loc 1 41 9
 146 0024 8347F4FE 		lbu	a5,-17(s0)
  42:../src/bsp/wbuart.c **** }
 147              		.loc 1 42 1
 148 0028 3E85     		mv	a0,a5
 149 002a F240     		lw	ra,28(sp)
 150              		.cfi_restore 1
 151 002c 6244     		lw	s0,24(sp)
 152              		.cfi_restore 8
 153              		.cfi_def_cfa 2, 32
 154 002e 0561     		addi	sp,sp,32
 155              		.cfi_def_cfa_offset 0
 156 0030 8280     		jr	ra
 157              		.cfi_endproc
 158              	.LFE5:
 160              		.section	.text.wbuart_outbyte,"ax",@progbits
 161              		.align	1
 162              		.globl	wbuart_outbyte
 164              	wbuart_outbyte:
 165              	.LFB6:
  43:../src/bsp/wbuart.c **** 
  44:../src/bsp/wbuart.c **** int wbuart_outbyte(int c)
  45:../src/bsp/wbuart.c **** {
 166              		.loc 1 45 1
 167              		.cfi_startproc
 168 0000 0111     		addi	sp,sp,-32
 169              		.cfi_def_cfa_offset 32
 170 0002 06CE     		sw	ra,28(sp)
 171 0004 22CC     		sw	s0,24(sp)
 172              		.cfi_offset 1, -4
 173              		.cfi_offset 8, -8
 174 0006 0010     		addi	s0,sp,32
 175              		.cfi_def_cfa 8, 0
 176 0008 2326A4FE 		sw	a0,-20(s0)
  46:../src/bsp/wbuart.c **** 	wbuart_putc(c);
 177              		.loc 1 46 2
 178 000c 0325C4FE 		lw	a0,-20(s0)
 179 0010 97000000 		call	wbuart_putc
 179      E7800000 
  47:../src/bsp/wbuart.c **** 	if (c =='\n')
 180              		.loc 1 47 5
 181 0018 0327C4FE 		lw	a4,-20(s0)
 182 001c A947     		li	a5,10
 183 001e 6317F700 		bne	a4,a5,.L10
  48:../src/bsp/wbuart.c **** 	{
  49:../src/bsp/wbuart.c **** 		wbuart_putc('\r');
 184              		.loc 1 49 3
 185 0022 3545     		li	a0,13
 186 0024 97000000 		call	wbuart_putc
 186      E7800000 
 187              	.L10:
  50:../src/bsp/wbuart.c **** 	}
  51:../src/bsp/wbuart.c **** 
  52:../src/bsp/wbuart.c **** 	return c;
 188              		.loc 1 52 9
 189 002c 8327C4FE 		lw	a5,-20(s0)
  53:../src/bsp/wbuart.c **** }
 190              		.loc 1 53 1
 191 0030 3E85     		mv	a0,a5
 192 0032 F240     		lw	ra,28(sp)
 193              		.cfi_restore 1
 194 0034 6244     		lw	s0,24(sp)
 195              		.cfi_restore 8
 196              		.cfi_def_cfa 2, 32
 197 0036 0561     		addi	sp,sp,32
 198              		.cfi_def_cfa_offset 0
 199 0038 8280     		jr	ra
 200              		.cfi_endproc
 201              	.LFE6:
 203              		.text
 204              	.Letext0:
 205              		.file 2 "F:/gowin/GMD/toolchain/gowin/gcc_riscv/riscv-none-elf/include/machine/_default_types.h"
 206              		.file 3 "F:/gowin/GMD/toolchain/gowin/gcc_riscv/riscv-none-elf/include/sys/_stdint.h"
 207              		.file 4 "F:\\ALL_PROJECT\\gowin\\GMD_workspace\\my_1\\src/picorv32.h"
DEFINED SYMBOLS
                            *ABS*:00000000 wbuart.c
C:\Users\nesus\AppData\Local\Temp\ccSHDQUp.s:14     .text.wbuart_init:00000000 wbuart_init
C:\Users\nesus\AppData\Local\Temp\ccSHDQUp.s:18     .text.wbuart_init:00000000 .L0 
C:\Users\nesus\AppData\Local\Temp\ccSHDQUp.s:19     .text.wbuart_init:00000000 $xrv32i2p1_m2p0_c2p0_zicsr2p0_zmmul1p0
C:\Users\nesus\AppData\Local\Temp\ccSHDQUp.s:19     .text.wbuart_init:00000000 .L0 
C:\Users\nesus\AppData\Local\Temp\ccSHDQUp.s:20     .text.wbuart_init:00000002 .L0 
C:\Users\nesus\AppData\Local\Temp\ccSHDQUp.s:23     .text.wbuart_init:00000006 .L0 
C:\Users\nesus\AppData\Local\Temp\ccSHDQUp.s:24     .text.wbuart_init:00000006 .L0 
C:\Users\nesus\AppData\Local\Temp\ccSHDQUp.s:26     .text.wbuart_init:00000008 .L0 
C:\Users\nesus\AppData\Local\Temp\ccSHDQUp.s:29     .text.wbuart_init:0000000c .L0 
C:\Users\nesus\AppData\Local\Temp\ccSHDQUp.s:35     .text.wbuart_init:00000020 .L0 
C:\Users\nesus\AppData\Local\Temp\ccSHDQUp.s:37     .text.wbuart_init:00000024 .L0 
C:\Users\nesus\AppData\Local\Temp\ccSHDQUp.s:40     .text.wbuart_init:0000002a .L0 
C:\Users\nesus\AppData\Local\Temp\ccSHDQUp.s:42     .text.wbuart_init:0000002e .L0 
C:\Users\nesus\AppData\Local\Temp\ccSHDQUp.s:44     .text.wbuart_init:00000032 .L0 
C:\Users\nesus\AppData\Local\Temp\ccSHDQUp.s:46     .text.wbuart_init:00000034 .L0 
C:\Users\nesus\AppData\Local\Temp\ccSHDQUp.s:47     .text.wbuart_init:00000034 .L0 
C:\Users\nesus\AppData\Local\Temp\ccSHDQUp.s:49     .text.wbuart_init:00000036 .L0 
C:\Users\nesus\AppData\Local\Temp\ccSHDQUp.s:51     .text.wbuart_init:00000038 .L0 
C:\Users\nesus\AppData\Local\Temp\ccSHDQUp.s:58     .text.wbuart_putc:00000000 wbuart_putc
C:\Users\nesus\AppData\Local\Temp\ccSHDQUp.s:61     .text.wbuart_putc:00000000 .L0 
C:\Users\nesus\AppData\Local\Temp\ccSHDQUp.s:62     .text.wbuart_putc:00000000 $xrv32i2p1_m2p0_c2p0_zicsr2p0_zmmul1p0
C:\Users\nesus\AppData\Local\Temp\ccSHDQUp.s:62     .text.wbuart_putc:00000000 .L0 
C:\Users\nesus\AppData\Local\Temp\ccSHDQUp.s:63     .text.wbuart_putc:00000002 .L0 
C:\Users\nesus\AppData\Local\Temp\ccSHDQUp.s:66     .text.wbuart_putc:00000006 .L0 
C:\Users\nesus\AppData\Local\Temp\ccSHDQUp.s:67     .text.wbuart_putc:00000006 .L0 
C:\Users\nesus\AppData\Local\Temp\ccSHDQUp.s:69     .text.wbuart_putc:00000008 .L0 
C:\Users\nesus\AppData\Local\Temp\ccSHDQUp.s:72     .text.wbuart_putc:0000000c .L0 
C:\Users\nesus\AppData\Local\Temp\ccSHDQUp.s:75     .text.wbuart_putc:0000000e .L0 
C:\Users\nesus\AppData\Local\Temp\ccSHDQUp.s:78     .text.wbuart_putc:00000014 .L0 
C:\Users\nesus\AppData\Local\Temp\ccSHDQUp.s:80     .text.wbuart_putc:00000018 .L0 
C:\Users\nesus\AppData\Local\Temp\ccSHDQUp.s:82     .text.wbuart_putc:0000001a .L0 
C:\Users\nesus\AppData\Local\Temp\ccSHDQUp.s:85     .text.wbuart_putc:00000020 .L0 
C:\Users\nesus\AppData\Local\Temp\ccSHDQUp.s:88     .text.wbuart_putc:00000028 .L0 
C:\Users\nesus\AppData\Local\Temp\ccSHDQUp.s:91     .text.wbuart_putc:00000030 .L0 
C:\Users\nesus\AppData\Local\Temp\ccSHDQUp.s:93     .text.wbuart_putc:00000034 .L0 
C:\Users\nesus\AppData\Local\Temp\ccSHDQUp.s:96     .text.wbuart_putc:0000003a .L0 
C:\Users\nesus\AppData\Local\Temp\ccSHDQUp.s:98     .text.wbuart_putc:0000003c .L0 
C:\Users\nesus\AppData\Local\Temp\ccSHDQUp.s:100    .text.wbuart_putc:00000040 .L0 
C:\Users\nesus\AppData\Local\Temp\ccSHDQUp.s:102    .text.wbuart_putc:00000044 .L0 
C:\Users\nesus\AppData\Local\Temp\ccSHDQUp.s:104    .text.wbuart_putc:00000046 .L0 
C:\Users\nesus\AppData\Local\Temp\ccSHDQUp.s:105    .text.wbuart_putc:00000046 .L0 
C:\Users\nesus\AppData\Local\Temp\ccSHDQUp.s:107    .text.wbuart_putc:00000048 .L0 
C:\Users\nesus\AppData\Local\Temp\ccSHDQUp.s:109    .text.wbuart_putc:0000004a .L0 
C:\Users\nesus\AppData\Local\Temp\ccSHDQUp.s:116    .text.wbuart_getc:00000000 wbuart_getc
C:\Users\nesus\AppData\Local\Temp\ccSHDQUp.s:119    .text.wbuart_getc:00000000 .L0 
C:\Users\nesus\AppData\Local\Temp\ccSHDQUp.s:120    .text.wbuart_getc:00000000 $xrv32i2p1_m2p0_c2p0_zicsr2p0_zmmul1p0
C:\Users\nesus\AppData\Local\Temp\ccSHDQUp.s:120    .text.wbuart_getc:00000000 .L0 
C:\Users\nesus\AppData\Local\Temp\ccSHDQUp.s:121    .text.wbuart_getc:00000002 .L0 
C:\Users\nesus\AppData\Local\Temp\ccSHDQUp.s:124    .text.wbuart_getc:00000006 .L0 
C:\Users\nesus\AppData\Local\Temp\ccSHDQUp.s:125    .text.wbuart_getc:00000006 .L0 
C:\Users\nesus\AppData\Local\Temp\ccSHDQUp.s:127    .text.wbuart_getc:00000008 .L0 
C:\Users\nesus\AppData\Local\Temp\ccSHDQUp.s:129    .text.wbuart_getc:00000008 .L0 
C:\Users\nesus\AppData\Local\Temp\ccSHDQUp.s:131    .text.wbuart_getc:0000000c .L0 
C:\Users\nesus\AppData\Local\Temp\ccSHDQUp.s:134    .text.wbuart_getc:0000000e .L0 
C:\Users\nesus\AppData\Local\Temp\ccSHDQUp.s:137    .text.wbuart_getc:00000014 .L0 
C:\Users\nesus\AppData\Local\Temp\ccSHDQUp.s:139    .text.wbuart_getc:00000018 .L0 
C:\Users\nesus\AppData\Local\Temp\ccSHDQUp.s:141    .text.wbuart_getc:0000001a .L0 
C:\Users\nesus\AppData\Local\Temp\ccSHDQUp.s:144    .text.wbuart_getc:00000020 .L0 
C:\Users\nesus\AppData\Local\Temp\ccSHDQUp.s:146    .text.wbuart_getc:00000024 .L0 
C:\Users\nesus\AppData\Local\Temp\ccSHDQUp.s:148    .text.wbuart_getc:00000028 .L0 
C:\Users\nesus\AppData\Local\Temp\ccSHDQUp.s:150    .text.wbuart_getc:0000002c .L0 
C:\Users\nesus\AppData\Local\Temp\ccSHDQUp.s:152    .text.wbuart_getc:0000002e .L0 
C:\Users\nesus\AppData\Local\Temp\ccSHDQUp.s:153    .text.wbuart_getc:0000002e .L0 
C:\Users\nesus\AppData\Local\Temp\ccSHDQUp.s:155    .text.wbuart_getc:00000030 .L0 
C:\Users\nesus\AppData\Local\Temp\ccSHDQUp.s:157    .text.wbuart_getc:00000032 .L0 
C:\Users\nesus\AppData\Local\Temp\ccSHDQUp.s:164    .text.wbuart_outbyte:00000000 wbuart_outbyte
C:\Users\nesus\AppData\Local\Temp\ccSHDQUp.s:167    .text.wbuart_outbyte:00000000 .L0 
C:\Users\nesus\AppData\Local\Temp\ccSHDQUp.s:168    .text.wbuart_outbyte:00000000 $xrv32i2p1_m2p0_c2p0_zicsr2p0_zmmul1p0
C:\Users\nesus\AppData\Local\Temp\ccSHDQUp.s:168    .text.wbuart_outbyte:00000000 .L0 
C:\Users\nesus\AppData\Local\Temp\ccSHDQUp.s:169    .text.wbuart_outbyte:00000002 .L0 
C:\Users\nesus\AppData\Local\Temp\ccSHDQUp.s:172    .text.wbuart_outbyte:00000006 .L0 
C:\Users\nesus\AppData\Local\Temp\ccSHDQUp.s:173    .text.wbuart_outbyte:00000006 .L0 
C:\Users\nesus\AppData\Local\Temp\ccSHDQUp.s:175    .text.wbuart_outbyte:00000008 .L0 
C:\Users\nesus\AppData\Local\Temp\ccSHDQUp.s:178    .text.wbuart_outbyte:0000000c .L0 
C:\Users\nesus\AppData\Local\Temp\ccSHDQUp.s:181    .text.wbuart_outbyte:00000018 .L0 
C:\Users\nesus\AppData\Local\Temp\ccSHDQUp.s:185    .text.wbuart_outbyte:00000022 .L0 
C:\Users\nesus\AppData\Local\Temp\ccSHDQUp.s:189    .text.wbuart_outbyte:0000002c .L0 
C:\Users\nesus\AppData\Local\Temp\ccSHDQUp.s:191    .text.wbuart_outbyte:00000030 .L0 
C:\Users\nesus\AppData\Local\Temp\ccSHDQUp.s:193    .text.wbuart_outbyte:00000034 .L0 
C:\Users\nesus\AppData\Local\Temp\ccSHDQUp.s:195    .text.wbuart_outbyte:00000036 .L0 
C:\Users\nesus\AppData\Local\Temp\ccSHDQUp.s:196    .text.wbuart_outbyte:00000036 .L0 
C:\Users\nesus\AppData\Local\Temp\ccSHDQUp.s:198    .text.wbuart_outbyte:00000038 .L0 
C:\Users\nesus\AppData\Local\Temp\ccSHDQUp.s:200    .text.wbuart_outbyte:0000003a .L0 
C:\Users\nesus\AppData\Local\Temp\ccSHDQUp.s:794    .debug_line_str:00000042 .L0 
C:\Users\nesus\AppData\Local\Temp\ccSHDQUp.s:794    .debug_line_str:00000070 .L0 
C:\Users\nesus\AppData\Local\Temp\ccSHDQUp.s:794    .debug_line_str:0000007b .L0 
C:\Users\nesus\AppData\Local\Temp\ccSHDQUp.s:794    .debug_line_str:000000c1 .L0 
C:\Users\nesus\AppData\Local\Temp\ccSHDQUp.s:794    .debug_line_str:00000103 .L0 
C:\Users\nesus\AppData\Local\Temp\ccSHDQUp.s:794    .debug_line_str:0000012f .L0 
C:\Users\nesus\AppData\Local\Temp\ccSHDQUp.s:794    .debug_line_str:00000138 .L0 
C:\Users\nesus\AppData\Local\Temp\ccSHDQUp.s:794    .debug_line_str:00000141 .L0 
C:\Users\nesus\AppData\Local\Temp\ccSHDQUp.s:794    .debug_line_str:00000152 .L0 
C:\Users\nesus\AppData\Local\Temp\ccSHDQUp.s:794    .debug_line_str:0000015c .L0 
C:\Users\nesus\AppData\Local\Temp\ccSHDQUp.s:54     .text.wbuart_init:00000038 .L0 
C:\Users\nesus\AppData\Local\Temp\ccSHDQUp.s:112    .text.wbuart_putc:0000004a .L0 
C:\Users\nesus\AppData\Local\Temp\ccSHDQUp.s:160    .text.wbuart_getc:00000032 .L0 
C:\Users\nesus\AppData\Local\Temp\ccSHDQUp.s:203    .text.wbuart_outbyte:0000003a .L0 
                     .debug_frame:00000000 .L0 
C:\Users\nesus\AppData\Local\Temp\ccSHDQUp.s:73     .text.wbuart_putc:0000000e .L4
C:\Users\nesus\AppData\Local\Temp\ccSHDQUp.s:132    .text.wbuart_getc:0000000e .L7
C:\Users\nesus\AppData\Local\Temp\ccSHDQUp.s:187    .text.wbuart_outbyte:0000002c .L10
C:\Users\nesus\AppData\Local\Temp\ccSHDQUp.s:427    .debug_abbrev:00000000 .Ldebug_abbrev0
C:\Users\nesus\AppData\Local\Temp\ccSHDQUp.s:742    .debug_str:00000032 .LASF27
C:\Users\nesus\AppData\Local\Temp\ccSHDQUp.s:791    .debug_line_str:0000002e .LASF0
C:\Users\nesus\AppData\Local\Temp\ccSHDQUp.s:789    .debug_line_str:00000000 .LASF1
C:\Users\nesus\AppData\Local\Temp\ccSHDQUp.s:716    .debug_rnglists:0000000c .LLRL0
C:\Users\nesus\AppData\Local\Temp\ccSHDQUp.s:732    .debug_line:00000000 .Ldebug_line0
C:\Users\nesus\AppData\Local\Temp\ccSHDQUp.s:776    .debug_str:000001c9 .LASF2
C:\Users\nesus\AppData\Local\Temp\ccSHDQUp.s:750    .debug_str:00000149 .LASF7
C:\Users\nesus\AppData\Local\Temp\ccSHDQUp.s:760    .debug_str:00000174 .LASF3
C:\Users\nesus\AppData\Local\Temp\ccSHDQUp.s:784    .debug_str:000001fc .LASF4
C:\Users\nesus\AppData\Local\Temp\ccSHDQUp.s:774    .debug_str:000001b6 .LASF5
C:\Users\nesus\AppData\Local\Temp\ccSHDQUp.s:768    .debug_str:00000199 .LASF6
C:\Users\nesus\AppData\Local\Temp\ccSHDQUp.s:740    .debug_str:00000027 .LASF8
C:\Users\nesus\AppData\Local\Temp\ccSHDQUp.s:744    .debug_str:0000011b .LASF9
C:\Users\nesus\AppData\Local\Temp\ccSHDQUp.s:772    .debug_str:000001a8 .LASF10
C:\Users\nesus\AppData\Local\Temp\ccSHDQUp.s:748    .debug_str:00000132 .LASF11
C:\Users\nesus\AppData\Local\Temp\ccSHDQUp.s:736    .debug_str:0000000e .LASF12
C:\Users\nesus\AppData\Local\Temp\ccSHDQUp.s:758    .debug_str:0000016c .LASF13
C:\Users\nesus\AppData\Local\Temp\ccSHDQUp.s:766    .debug_str:00000190 .LASF14
C:\Users\nesus\AppData\Local\Temp\ccSHDQUp.s:782    .debug_str:000001f0 .LASF15
C:\Users\nesus\AppData\Local\Temp\ccSHDQUp.s:764    .debug_str:0000018b .LASF16
C:\Users\nesus\AppData\Local\Temp\ccSHDQUp.s:752    .debug_str:00000153 .LASF17
C:\Users\nesus\AppData\Local\Temp\ccSHDQUp.s:746    .debug_str:0000012d .LASF18
C:\Users\nesus\AppData\Local\Temp\ccSHDQUp.s:786    .debug_str:00000206 .LASF19
C:\Users\nesus\AppData\Local\Temp\ccSHDQUp.s:770    .debug_str:000001a2 .LASF20
C:\Users\nesus\AppData\Local\Temp\ccSHDQUp.s:734    .debug_str:00000000 .LASF21
C:\Users\nesus\AppData\Local\Temp\ccSHDQUp.s:778    .debug_str:000001d5 .LASF22
C:\Users\nesus\AppData\Local\Temp\ccSHDQUp.s:165    .text.wbuart_outbyte:00000000 .LFB6
C:\Users\nesus\AppData\Local\Temp\ccSHDQUp.s:201    .text.wbuart_outbyte:0000003a .LFE6
C:\Users\nesus\AppData\Local\Temp\ccSHDQUp.s:754    .debug_str:00000159 .LASF23
C:\Users\nesus\AppData\Local\Temp\ccSHDQUp.s:117    .text.wbuart_getc:00000000 .LFB5
C:\Users\nesus\AppData\Local\Temp\ccSHDQUp.s:158    .text.wbuart_getc:00000032 .LFE5
C:\Users\nesus\AppData\Local\Temp\ccSHDQUp.s:738    .debug_str:0000001b .LASF24
C:\Users\nesus\AppData\Local\Temp\ccSHDQUp.s:59     .text.wbuart_putc:00000000 .LFB4
C:\Users\nesus\AppData\Local\Temp\ccSHDQUp.s:110    .text.wbuart_putc:0000004a .LFE4
C:\Users\nesus\AppData\Local\Temp\ccSHDQUp.s:780    .debug_str:000001e4 .LASF28
C:\Users\nesus\AppData\Local\Temp\ccSHDQUp.s:15     .text.wbuart_init:00000000 .LFB3
C:\Users\nesus\AppData\Local\Temp\ccSHDQUp.s:52     .text.wbuart_init:00000038 .LFE3
C:\Users\nesus\AppData\Local\Temp\ccSHDQUp.s:762    .debug_str:00000182 .LASF25
C:\Users\nesus\AppData\Local\Temp\ccSHDQUp.s:756    .debug_str:00000165 .LASF26
C:\Users\nesus\AppData\Local\Temp\ccSHDQUp.s:209    .debug_info:00000000 .Ldebug_info0

NO UNDEFINED SYMBOLS
