   1              		.file	"printf.c"
   2              		.option nopic
   3              		.attribute arch, "rv32i2p1_m2p0_c2p0_zicsr2p0"
   4              		.attribute unaligned_access, 0
   5              		.attribute stack_align, 16
   6              		.text
   7              	.Ltext0:
   8              		.cfi_sections	.debug_frame
   9              		.file 0 "F:\\ALL_PROJECT\\gowin\\GMD_workspace\\my_1\\Debug" "../src/lib/printf.c"
  10              		.section	.text.printchar,"ax",@progbits
  11              		.align	1
  13              	printchar:
  14              	.LFB3:
  15              		.file 1 "../src/lib/printf.c"
   1:../src/lib/printf.c **** /*
   2:../src/lib/printf.c **** 	Copyright 2001, 2002 Georges Menie (www.menie.org)
   3:../src/lib/printf.c **** 	stdarg version contributed by Christian Ettinger
   4:../src/lib/printf.c **** 
   5:../src/lib/printf.c ****     This program is free software; you can redistribute it and/or modify
   6:../src/lib/printf.c ****     it under the terms of the GNU Lesser General Public License as published by
   7:../src/lib/printf.c ****     the Free Software Foundation; either version 2 of the License, or
   8:../src/lib/printf.c ****     (at your option) any later version.
   9:../src/lib/printf.c **** 
  10:../src/lib/printf.c ****     This program is distributed in the hope that it will be useful,
  11:../src/lib/printf.c ****     but WITHOUT ANY WARRANTY; without even the implied warranty of
  12:../src/lib/printf.c ****     MERCHANTABILITY or FITNESS FOR A PARTICULAR PURPOSE.  See the
  13:../src/lib/printf.c ****     GNU Lesser General Public License for more details.
  14:../src/lib/printf.c **** 
  15:../src/lib/printf.c ****     You should have received a copy of the GNU Lesser General Public License
  16:../src/lib/printf.c ****     along with this program; if not, write to the Free Software
  17:../src/lib/printf.c ****     Foundation, Inc., 59 Temple Place, Suite 330, Boston, MA  02111-1307  USA
  18:../src/lib/printf.c **** */
  19:../src/lib/printf.c **** 
  20:../src/lib/printf.c **** /*
  21:../src/lib/printf.c **** 	putchar is the only external dependency for this file,
  22:../src/lib/printf.c **** 	if you have a working putchar, leave it commented out.
  23:../src/lib/printf.c **** 	If not, uncomment the define below and
  24:../src/lib/printf.c **** 	replace outbyte(c) by your own function call.
  25:../src/lib/printf.c **** */
  26:../src/lib/printf.c **** #include <stdarg.h>
  27:../src/lib/printf.c **** #include "picorv32.h"
  28:../src/lib/printf.c **** #include "wbuart.h"
  29:../src/lib/printf.c **** #include "simpleuart.h"
  30:../src/lib/printf.c **** 
  31:../src/lib/printf.c **** #ifdef USE_WBUART
  32:../src/lib/printf.c **** #define putchar(c) wbuart_outbyte(c)
  33:../src/lib/printf.c **** #else
  34:../src/lib/printf.c **** #define putchar(c) outbyte(c)
  35:../src/lib/printf.c **** #endif
  36:../src/lib/printf.c **** 
  37:../src/lib/printf.c **** static void  __attribute__((optimize("Os"))) printchar(char **str, int c)
  38:../src/lib/printf.c **** {
  16              		.loc 1 38 1
  17              		.cfi_startproc
  18              	.LVL0:
  39:../src/lib/printf.c **** 	extern int putchar(int c);
  19              		.loc 1 39 2
  40:../src/lib/printf.c **** 
  41:../src/lib/printf.c **** 	if (str) {
  20              		.loc 1 41 2
  38:../src/lib/printf.c **** 	extern int putchar(int c);
  21              		.loc 1 38 1 is_stmt 0
  22 0000 AA87     		mv	a5,a0
  23 0002 2E85     		mv	a0,a1
  24              	.LVL1:
  25              		.loc 1 41 5
  26 0004 81CB     		beq	a5,zero,.L2
  42:../src/lib/printf.c **** 		**str = c;
  27              		.loc 1 42 3 is_stmt 1
  28              		.loc 1 42 4 is_stmt 0
  29 0006 9843     		lw	a4,0(a5)
  30              		.loc 1 42 9
  31 0008 2300B700 		sb	a1,0(a4)
  43:../src/lib/printf.c **** 		++(*str);
  32              		.loc 1 43 3 is_stmt 1
  33 000c 9843     		lw	a4,0(a5)
  34 000e 0507     		addi	a4,a4,1
  35 0010 98C3     		sw	a4,0(a5)
  36 0012 8280     		ret
  37              	.L2:
  44:../src/lib/printf.c **** 	}
  45:../src/lib/printf.c **** 	else (void)putchar(c);
  38              		.loc 1 45 7
  39              		.loc 1 45 13 is_stmt 0
  40 0014 17030000 		tail	wbuart_outbyte
  40      67000300 
  41              	.LVL2:
  42              		.cfi_endproc
  43              	.LFE3:
  45              		.section	.text.prints,"ax",@progbits
  46              		.align	1
  48              	prints:
  49              	.LFB4:
  46:../src/lib/printf.c **** }
  47:../src/lib/printf.c **** 
  48:../src/lib/printf.c **** #define PAD_RIGHT 1
  49:../src/lib/printf.c **** #define PAD_ZERO 2
  50:../src/lib/printf.c **** 
  51:../src/lib/printf.c **** static int  __attribute__((optimize("Os"))) prints(char **out, const char *string, int width, int p
  52:../src/lib/printf.c **** {
  50              		.loc 1 52 1 is_stmt 1
  51              		.cfi_startproc
  52              	.LVL3:
  53 0000 17030000 		call	t0,__riscv_save_6
  53      E7020300 
  54              		.cfi_offset 21, -28
  55              		.cfi_offset 20, -24
  56              		.cfi_offset 19, -20
  57              		.cfi_offset 18, -16
  58              		.cfi_offset 9, -12
  59              		.cfi_offset 8, -8
  60              		.cfi_offset 1, -4
  61              		.cfi_def_cfa_offset 32
  53:../src/lib/printf.c **** 	register int pc = 0, padchar = ' ';
  62              		.loc 1 53 2
  63              	.LVL4:
  54:../src/lib/printf.c **** 
  55:../src/lib/printf.c **** 	if (width > 0) {
  64              		.loc 1 55 2
  52:../src/lib/printf.c **** 	register int pc = 0, padchar = ' ';
  65              		.loc 1 52 1 is_stmt 0
  66 0008 AA89     		mv	s3,a0
  67 000a AE8A     		mv	s5,a1
  68 000c 3284     		mv	s0,a2
  69 000e B684     		mv	s1,a3
  70 0010 13090002 		li	s2,32
  71              		.loc 1 55 5
  72 0014 6350C002 		ble	a2,zero,.L8
  73              	.LBB2:
  56:../src/lib/printf.c **** 		register int len = 0;
  57:../src/lib/printf.c **** 		register const char *ptr;
  58:../src/lib/printf.c **** 		for (ptr = string; *ptr; ++ptr) ++len;
  74              		.loc 1 58 22 discriminator 1
  75 0018 2E85     		mv	a0,a1
  76              	.LVL5:
  77 001a 97000000 		call	strlen
  77      E7800000 
  78              	.LVL6:
  59:../src/lib/printf.c **** 		if (len >= width) width = 0;
  79              		.loc 1 59 3 is_stmt 1
  80              		.loc 1 59 6 is_stmt 0
  81 0022 635E8500 		ble	s0,a0,.L20
  60:../src/lib/printf.c **** 		else width -= len;
  82              		.loc 1 60 8 is_stmt 1
  83              		.loc 1 60 14 is_stmt 0
  84 0026 098C     		sub	s0,s0,a0
  85              	.LVL7:
  86              	.L9:
  61:../src/lib/printf.c **** 		if (pad & PAD_ZERO) padchar = '0';
  87              		.loc 1 61 3 is_stmt 1
  88              	.LBE2:
  53:../src/lib/printf.c **** 
  89              		.loc 1 53 23 is_stmt 0
  90 0028 13993400 		slli	s2,s1,3
  91 002c 13790901 		andi	s2,s2,16
  92 0030 13090902 		addi	s2,s2,32
  93              	.L8:
  94              	.LVL8:
  62:../src/lib/printf.c **** 	}
  63:../src/lib/printf.c **** 	if (!(pad & PAD_RIGHT)) {
  95              		.loc 1 63 2 is_stmt 1
  96              		.loc 1 63 12 is_stmt 0
  97 0034 8588     		andi	s1,s1,1
  98              	.LVL9:
  99              		.loc 1 63 5
 100 0036 8DC4     		beq	s1,zero,.L22
  53:../src/lib/printf.c **** 
 101              		.loc 1 53 15
 102 0038 8144     		li	s1,0
 103              	.LVL10:
 104              	.L11:
 105 003a 268A     		mv	s4,s1
 106 003c 15A8     		j	.L14
 107              	.LVL11:
 108              	.L20:
 109              	.LBB3:
  59:../src/lib/printf.c **** 		else width -= len;
 110              		.loc 1 59 27 discriminator 1
 111 003e 0144     		li	s0,0
 112              	.LVL12:
 113 0040 E5B7     		j	.L9
 114              	.LVL13:
 115              	.L12:
 116              	.LBE3:
  64:../src/lib/printf.c **** 		for ( ; width > 0; --width) {
  65:../src/lib/printf.c **** 			printchar (out, padchar);
 117              		.loc 1 65 4 is_stmt 1
 118 0042 CA85     		mv	a1,s2
 119 0044 4E85     		mv	a0,s3
 120 0046 97000000 		call	printchar
 120      E7800000 
 121              	.LVL14:
  66:../src/lib/printf.c **** 			++pc;
 122              		.loc 1 66 4
  64:../src/lib/printf.c **** 		for ( ; width > 0; --width) {
 123              		.loc 1 64 22 discriminator 2
 124 004e FD14     		addi	s1,s1,-1
 125              	.LVL15:
 126              	.L10:
  64:../src/lib/printf.c **** 		for ( ; width > 0; --width) {
 127              		.loc 1 64 17 discriminator 1
 128 0050 E34990FE 		bgt	s1,zero,.L12
 129 0054 9344F4FF 		not	s1,s0
 130              	.LVL16:
 131 0058 FD84     		srai	s1,s1,31
 132 005a E18C     		and	s1,s0,s1
 133 005c 058C     		sub	s0,s0,s1
 134 005e F1BF     		j	.L11
 135              	.LVL17:
 136              	.L22:
 137 0060 A284     		mv	s1,s0
 138 0062 FDB7     		j	.L10
 139              	.LVL18:
 140              	.L15:
  67:../src/lib/printf.c **** 		}
  68:../src/lib/printf.c **** 	}
  69:../src/lib/printf.c **** 	for ( ; *string ; ++string) {
  70:../src/lib/printf.c **** 		printchar (out, *string);
 141              		.loc 1 70 3
 142 0064 4E85     		mv	a0,s3
 143 0066 97000000 		call	printchar
 143      E7800000 
 144              	.LVL19:
  71:../src/lib/printf.c **** 		++pc;
 145              		.loc 1 71 3
 146 006e 050A     		addi	s4,s4,1
 147              	.LVL20:
  69:../src/lib/printf.c **** 		printchar (out, *string);
 148              		.loc 1 69 20 discriminator 2
 149              	.L14:
  69:../src/lib/printf.c **** 		printchar (out, *string);
 150              		.loc 1 69 10 discriminator 1
 151 0070 B3079A40 		sub	a5,s4,s1
 152 0074 D697     		add	a5,s5,a5
 153 0076 83C50700 		lbu	a1,0(a5)
 154 007a EDF5     		bne	a1,zero,.L15
 155 007c A284     		mv	s1,s0
 156              	.LVL21:
 157              	.L16:
  72:../src/lib/printf.c **** 	}
  73:../src/lib/printf.c **** 	for ( ; width > 0; --width) {
 158              		.loc 1 73 16 discriminator 1
 159 007e 634C9000 		bgt	s1,zero,.L17
  74:../src/lib/printf.c **** 		printchar (out, padchar);
  75:../src/lib/printf.c **** 		++pc;
  76:../src/lib/printf.c **** 	}
  77:../src/lib/printf.c **** 
  78:../src/lib/printf.c **** 	return pc;
 160              		.loc 1 78 2
 161              		.loc 1 78 9 is_stmt 0 discriminator 1
 162 0082 9347F4FF 		not	a5,s0
 163 0086 FD87     		srai	a5,a5,31
 164 0088 3375F400 		and	a0,s0,a5
  79:../src/lib/printf.c **** }
 165              		.loc 1 79 1
 166 008c 5295     		add	a0,a0,s4
 167 008e 17030000 		tail	__riscv_restore_6
 167      67000300 
 168              		.cfi_remember_state
 169              		.cfi_restore 21
 170              		.cfi_restore 20
 171              		.cfi_restore 19
 172              		.cfi_restore 18
 173              		.cfi_restore 9
 174              		.cfi_restore 8
 175              		.cfi_restore 1
 176              		.cfi_def_cfa_offset 0
 177              	.L17:
 178              		.cfi_restore_state
  74:../src/lib/printf.c **** 		printchar (out, padchar);
 179              		.loc 1 74 3 is_stmt 1
 180 0096 CA85     		mv	a1,s2
 181 0098 4E85     		mv	a0,s3
 182 009a 97000000 		call	printchar
 182      E7800000 
 183              	.LVL22:
  75:../src/lib/printf.c **** 	}
 184              		.loc 1 75 3
  73:../src/lib/printf.c **** 		printchar (out, padchar);
 185              		.loc 1 73 21 discriminator 2
 186 00a2 FD14     		addi	s1,s1,-1
 187              	.LVL23:
 188 00a4 E9BF     		j	.L16
 189              		.cfi_endproc
 190              	.LFE4:
 192              		.section	.text.printi,"ax",@progbits
 193              		.align	1
 195              	printi:
 196              	.LFB5:
  80:../src/lib/printf.c **** 
  81:../src/lib/printf.c **** /* The following should be enough for 32 bit int */
  82:../src/lib/printf.c **** #define PRINT_BUF_LEN 12
  83:../src/lib/printf.c **** 
  84:../src/lib/printf.c **** static int  __attribute__((optimize("Os"))) printi(char **out, int i, int b, int sg, int width, int
  85:../src/lib/printf.c **** {
 197              		.loc 1 85 1
 198              		.cfi_startproc
 199              	.LVL24:
 200 0000 17030000 		call	t0,__riscv_save_3
 200      E7020300 
 201              		.cfi_offset 18, -16
 202              		.cfi_offset 9, -12
 203              		.cfi_offset 8, -8
 204              		.cfi_offset 1, -4
 205              		.cfi_def_cfa_offset 16
  86:../src/lib/printf.c **** 	char print_buf[PRINT_BUF_LEN];
 206              		.loc 1 86 2
  87:../src/lib/printf.c **** 	register char *s;
 207              		.loc 1 87 2
  88:../src/lib/printf.c **** 	register int t, neg = 0, pc = 0;
 208              		.loc 1 88 2
 209              	.LVL25:
  89:../src/lib/printf.c **** 	register unsigned int u = i;
 210              		.loc 1 89 2
  90:../src/lib/printf.c **** 
  91:../src/lib/printf.c **** 	if (i == 0) {
 211              		.loc 1 91 2
  85:../src/lib/printf.c **** 	char print_buf[PRINT_BUF_LEN];
 212              		.loc 1 85 1 is_stmt 0
 213 0008 B288     		mv	a7,a2
 214 000a 3684     		mv	s0,a3
 215 000c 0111     		addi	sp,sp,-32
 216              		.cfi_def_cfa_offset 48
  85:../src/lib/printf.c **** 	char print_buf[PRINT_BUF_LEN];
 217              		.loc 1 85 1
 218 000e 3A86     		mv	a2,a4
 219              	.LVL26:
 220 0010 BE86     		mv	a3,a5
 221              	.LVL27:
 222              		.loc 1 91 5
 223 0012 99ED     		bne	a1,zero,.L26
  92:../src/lib/printf.c **** 		print_buf[0] = '0';
 224              		.loc 1 92 3 is_stmt 1
  93:../src/lib/printf.c **** 		print_buf[1] = '\0';
 225              		.loc 1 93 3
  92:../src/lib/printf.c **** 		print_buf[0] = '0';
 226              		.loc 1 92 16 is_stmt 0
 227 0014 93070003 		li	a5,48
 228              	.LVL28:
  94:../src/lib/printf.c **** 		return prints (out, print_buf, width, pad);
 229              		.loc 1 94 10
 230 0018 4C08     		addi	a1,sp,20
 231              	.LVL29:
  92:../src/lib/printf.c **** 		print_buf[0] = '0';
 232              		.loc 1 92 16
 233 001a 231AF100 		sh	a5,20(sp)
 234              		.loc 1 94 3 is_stmt 1
 235              		.loc 1 94 10 is_stmt 0
 236 001e 97000000 		call	prints
 236      E7800000 
 237              	.LVL30:
 238              	.L25:
  95:../src/lib/printf.c **** 	}
  96:../src/lib/printf.c **** 
  97:../src/lib/printf.c **** 	if (sg && b == 10 && i < 0) {
  98:../src/lib/printf.c **** 		neg = 1;
  99:../src/lib/printf.c **** 		u = -i;
 100:../src/lib/printf.c **** 	}
 101:../src/lib/printf.c **** 
 102:../src/lib/printf.c **** 	s = print_buf + PRINT_BUF_LEN-1;
 103:../src/lib/printf.c **** 	*s = '\0';
 104:../src/lib/printf.c **** 
 105:../src/lib/printf.c **** 	while (u) {
 106:../src/lib/printf.c **** 		t = u % b;
 107:../src/lib/printf.c **** 		if( t >= 10 )
 108:../src/lib/printf.c **** 			t += letbase - '0' - 10;
 109:../src/lib/printf.c **** 		*--s = t + '0';
 110:../src/lib/printf.c **** 		u /= b;
 111:../src/lib/printf.c **** 	}
 112:../src/lib/printf.c **** 
 113:../src/lib/printf.c **** 	if (neg) {
 114:../src/lib/printf.c **** 		if( width && (pad & PAD_ZERO) ) {
 115:../src/lib/printf.c **** 			printchar (out, '-');
 116:../src/lib/printf.c **** 			++pc;
 117:../src/lib/printf.c **** 			--width;
 118:../src/lib/printf.c **** 		}
 119:../src/lib/printf.c **** 		else {
 120:../src/lib/printf.c **** 			*--s = '-';
 121:../src/lib/printf.c **** 		}
 122:../src/lib/printf.c **** 	}
 123:../src/lib/printf.c **** 
 124:../src/lib/printf.c **** 	return pc + prints (out, s, width, pad);
 125:../src/lib/printf.c **** }
 239              		.loc 1 125 1
 240 0026 0561     		addi	sp,sp,32
 241              		.cfi_remember_state
 242              		.cfi_def_cfa_offset 16
 243 0028 17030000 		tail	__riscv_restore_3
 243      67000300 
 244              		.cfi_restore 18
 245              		.cfi_restore 9
 246              		.cfi_restore 8
 247              		.cfi_restore 1
 248              		.cfi_def_cfa_offset 0
 249              	.LVL31:
 250              	.L26:
 251              		.cfi_restore_state
 252 0030 AA84     		mv	s1,a0
  97:../src/lib/printf.c **** 		neg = 1;
 253              		.loc 1 97 2 is_stmt 1
  97:../src/lib/printf.c **** 		neg = 1;
 254              		.loc 1 97 5 is_stmt 0
 255 0032 11C8     		beq	s0,zero,.L28
 256              	.LVL32:
  97:../src/lib/printf.c **** 		neg = 1;
 257              		.loc 1 97 9 discriminator 1
 258 0034 A947     		li	a5,10
  88:../src/lib/printf.c **** 	register unsigned int u = i;
 259              		.loc 1 88 18
 260 0036 0144     		li	s0,0
 261              	.LVL33:
  97:../src/lib/printf.c **** 		neg = 1;
 262              		.loc 1 97 9 discriminator 1
 263 0038 6397F800 		bne	a7,a5,.L28
  97:../src/lib/printf.c **** 		neg = 1;
 264              		.loc 1 97 20 discriminator 2
 265 003c 63D50500 		bge	a1,zero,.L28
  98:../src/lib/printf.c **** 		u = -i;
 266              		.loc 1 98 3 is_stmt 1
 267              	.LVL34:
  99:../src/lib/printf.c **** 	}
 268              		.loc 1 99 3
  99:../src/lib/printf.c **** 	}
 269              		.loc 1 99 7 is_stmt 0
 270 0040 B305B040 		neg	a1,a1
 271              	.LVL35:
  98:../src/lib/printf.c **** 		u = -i;
 272              		.loc 1 98 7
 273 0044 0544     		li	s0,1
 274              	.LVL36:
 275              	.L28:
 102:../src/lib/printf.c **** 	*s = '\0';
 276              		.loc 1 102 2 is_stmt 1
 103:../src/lib/printf.c **** 
 277              		.loc 1 103 2
 103:../src/lib/printf.c **** 
 278              		.loc 1 103 5 is_stmt 0
 279 0046 A30F0100 		sb	zero,31(sp)
 105:../src/lib/printf.c **** 		t = u % b;
 280              		.loc 1 105 2 is_stmt 1
 105:../src/lib/printf.c **** 		t = u % b;
 281              		.loc 1 105 9
 102:../src/lib/printf.c **** 	*s = '\0';
 282              		.loc 1 102 4 is_stmt 0
 283 004a 9307F101 		addi	a5,sp,31
 284              	.LVL37:
 107:../src/lib/printf.c **** 			t += letbase - '0' - 10;
 285              		.loc 1 107 5
 286 004e 2545     		li	a0,9
 108:../src/lib/printf.c **** 		*--s = t + '0';
 287              		.loc 1 108 23
 288 0050 130868FC 		addi	a6,a6,-58
 289              	.LVL38:
 290              	.L30:
 106:../src/lib/printf.c **** 		if( t >= 10 )
 291              		.loc 1 106 3 is_stmt 1
 106:../src/lib/printf.c **** 		if( t >= 10 )
 292              		.loc 1 106 9 is_stmt 0
 293 0054 33F71503 		remu	a4,a1,a7
 294              	.LVL39:
 107:../src/lib/printf.c **** 			t += letbase - '0' - 10;
 295              		.loc 1 107 3 is_stmt 1
 107:../src/lib/printf.c **** 			t += letbase - '0' - 10;
 296              		.loc 1 107 5 is_stmt 0
 297 0058 6353E500 		ble	a4,a0,.L29
 108:../src/lib/printf.c **** 		*--s = t + '0';
 298              		.loc 1 108 4 is_stmt 1
 108:../src/lib/printf.c **** 		*--s = t + '0';
 299              		.loc 1 108 6 is_stmt 0
 300 005c 4297     		add	a4,a4,a6
 301              	.LVL40:
 302              	.L29:
 109:../src/lib/printf.c **** 		u /= b;
 303              		.loc 1 109 3 is_stmt 1
 109:../src/lib/printf.c **** 		u /= b;
 304              		.loc 1 109 12 is_stmt 0
 305 005e 13070703 		addi	a4,a4,48
 306              	.LVL41:
 109:../src/lib/printf.c **** 		u /= b;
 307              		.loc 1 109 8
 308 0062 A38FE7FE 		sb	a4,-1(a5)
 309 0066 1389F7FF 		addi	s2,a5,-1
 310              	.LVL42:
 110:../src/lib/printf.c **** 	}
 311              		.loc 1 110 3 is_stmt 1
 110:../src/lib/printf.c **** 	}
 312              		.loc 1 110 5 is_stmt 0
 313 006a 33D71503 		divu	a4,a1,a7
 314              	.LVL43:
 105:../src/lib/printf.c **** 		t = u % b;
 315              		.loc 1 105 9 is_stmt 1
 316 006e 63FB1503 		bleu	a7,a1,.L35
 113:../src/lib/printf.c **** 		if( width && (pad & PAD_ZERO) ) {
 317              		.loc 1 113 2
 113:../src/lib/printf.c **** 		if( width && (pad & PAD_ZERO) ) {
 318              		.loc 1 113 5 is_stmt 0
 319 0072 0DC0     		beq	s0,zero,.L31
 114:../src/lib/printf.c **** 			printchar (out, '-');
 320              		.loc 1 114 3 is_stmt 1
 114:../src/lib/printf.c **** 			printchar (out, '-');
 321              		.loc 1 114 5 is_stmt 0
 322 0074 1DCA     		beq	a2,zero,.L32
 114:../src/lib/printf.c **** 			printchar (out, '-');
 323              		.loc 1 114 21 discriminator 1
 324 0076 13F72600 		andi	a4,a3,2
 325              	.LVL44:
 114:../src/lib/printf.c **** 			printchar (out, '-');
 326              		.loc 1 114 13 discriminator 1
 327 007a 05CB     		beq	a4,zero,.L32
 115:../src/lib/printf.c **** 			++pc;
 328              		.loc 1 115 4
 329 007c 9305D002 		li	a1,45
 330              	.LVL45:
 331 0080 2685     		mv	a0,s1
 332 0082 36C6     		sw	a3,12(sp)
 333 0084 32C4     		sw	a2,8(sp)
 115:../src/lib/printf.c **** 			++pc;
 334              		.loc 1 115 4 is_stmt 1
 335 0086 97000000 		call	printchar
 335      E7800000 
 336              	.LVL46:
 116:../src/lib/printf.c **** 			--width;
 337              		.loc 1 116 4
 117:../src/lib/printf.c **** 		}
 338              		.loc 1 117 4
 339 008e 2246     		lw	a2,8(sp)
 340 0090 B246     		lw	a3,12(sp)
 341 0092 7D16     		addi	a2,a2,-1
 342              	.LVL47:
 343              	.L31:
 124:../src/lib/printf.c **** }
 344              		.loc 1 124 2
 124:../src/lib/printf.c **** }
 345              		.loc 1 124 14 is_stmt 0
 346 0094 CA85     		mv	a1,s2
 347 0096 2685     		mv	a0,s1
 348 0098 97000000 		call	prints
 348      E7800000 
 349              	.LVL48:
 124:../src/lib/printf.c **** }
 350              		.loc 1 124 12 discriminator 1
 351 00a0 2295     		add	a0,a0,s0
 124:../src/lib/printf.c **** }
 352              		.loc 1 124 12
 353 00a2 51B7     		j	.L25
 354              	.LVL49:
 355              	.L35:
 356 00a4 BA85     		mv	a1,a4
 357 00a6 CA87     		mv	a5,s2
 358 00a8 75B7     		j	.L30
 359              	.LVL50:
 360              	.L32:
 120:../src/lib/printf.c **** 		}
 361              		.loc 1 120 4 is_stmt 1
 120:../src/lib/printf.c **** 		}
 362              		.loc 1 120 9 is_stmt 0
 363 00aa 1307D002 		li	a4,45
 364 00ae A30FE9FE 		sb	a4,-1(s2)
  88:../src/lib/printf.c **** 	register unsigned int u = i;
 365              		.loc 1 88 27
 366 00b2 0144     		li	s0,0
 367              	.LVL51:
 120:../src/lib/printf.c **** 		}
 368              		.loc 1 120 9
 369 00b4 1389E7FF 		addi	s2,a5,-2
 370              	.LVL52:
 371 00b8 F1BF     		j	.L31
 372              		.cfi_endproc
 373              	.LFE5:
 375              		.section	.rodata.print.str1.4,"aMS",@progbits,1
 376              		.align	2
 377              	.LC0:
 378 0000 286E756C 		.string	"(null)"
 378      6C2900
 379              		.section	.text.print,"ax",@progbits
 380              		.align	1
 382              	print:
 383              	.LFB6:
 126:../src/lib/printf.c **** 
 127:../src/lib/printf.c **** static int  __attribute__((optimize("Os"))) print( char **out, const char *format, va_list args )
 128:../src/lib/printf.c **** {
 384              		.loc 1 128 1 is_stmt 1
 385              		.cfi_startproc
 386              	.LVL53:
 387 0000 17030000 		call	t0,__riscv_save_11
 387      E7020300 
 388              		.cfi_offset 26, -48
 389              		.cfi_offset 25, -44
 390              		.cfi_offset 24, -40
 391              		.cfi_offset 23, -36
 392              		.cfi_offset 22, -32
 393              		.cfi_offset 21, -28
 394              		.cfi_offset 20, -24
 395              		.cfi_offset 19, -20
 396              		.cfi_offset 18, -16
 397              		.cfi_offset 9, -12
 398              		.cfi_offset 8, -8
 399              		.cfi_offset 1, -4
 400              		.cfi_def_cfa_offset 48
 401 0008 4111     		addi	sp,sp,-16
 402              		.cfi_def_cfa_offset 64
 403              		.loc 1 128 1 is_stmt 0
 404 000a AA89     		mv	s3,a0
 129:../src/lib/printf.c **** 	register int width, pad;
 405              		.loc 1 129 2 is_stmt 1
 130:../src/lib/printf.c **** 	register int pc = 0;
 406              		.loc 1 130 2
 407              	.LVL54:
 131:../src/lib/printf.c **** 	char scr[2];
 408              		.loc 1 131 2
 132:../src/lib/printf.c **** 
 133:../src/lib/printf.c **** 	for (; *format != 0; ++format) {
 409              		.loc 1 133 2
 128:../src/lib/printf.c **** 	register int width, pad;
 410              		.loc 1 128 1 is_stmt 0
 411 000c AE84     		mv	s1,a1
 412 000e 3284     		mv	s0,a2
 130:../src/lib/printf.c **** 	char scr[2];
 413              		.loc 1 130 15
 414 0010 0149     		li	s2,0
 134:../src/lib/printf.c **** 		if (*format == '%') {
 415              		.loc 1 134 6
 416 0012 130A5002 		li	s4,37
 135:../src/lib/printf.c **** 			++format;
 136:../src/lib/printf.c **** 			width = pad = 0;
 137:../src/lib/printf.c **** 			if (*format == '\0') break;
 138:../src/lib/printf.c **** 			if (*format == '%') goto out;
 139:../src/lib/printf.c **** 			if (*format == '-') {
 417              		.loc 1 139 7
 418 0016 130BD002 		li	s6,45
 140:../src/lib/printf.c **** 				++format;
 141:../src/lib/printf.c **** 				pad = PAD_RIGHT;
 142:../src/lib/printf.c **** 			}
 143:../src/lib/printf.c **** 			while (*format == '0') {
 419              		.loc 1 143 19
 420 001a 930B0003 		li	s7,48
 144:../src/lib/printf.c **** 				++format;
 145:../src/lib/printf.c **** 				pad |= PAD_ZERO;
 146:../src/lib/printf.c **** 			}
 147:../src/lib/printf.c **** 			for ( ; *format >= '0' && *format <= '9'; ++format) {
 421              		.loc 1 147 27 discriminator 1
 422 001e 254C     		li	s8,9
 148:../src/lib/printf.c **** 				width *= 10;
 423              		.loc 1 148 11
 424 0020 A94C     		li	s9,10
 425 0022 930A3007 		li	s5,115
 426              	.LVL55:
 427              	.L50:
 133:../src/lib/printf.c **** 		if (*format == '%') {
 428              		.loc 1 133 17 is_stmt 1 discriminator 1
 133:../src/lib/printf.c **** 		if (*format == '%') {
 429              		.loc 1 133 9 is_stmt 0 discriminator 1
 430 0026 83C50400 		lbu	a1,0(s1)
 133:../src/lib/printf.c **** 		if (*format == '%') {
 431              		.loc 1 133 17 discriminator 1
 432 002a 89ED     		bne	a1,zero,.L67
 433              	.LVL56:
 434              	.L52:
 149:../src/lib/printf.c **** 				width += *format - '0';
 150:../src/lib/printf.c **** 			}
 151:../src/lib/printf.c **** 			if( *format == 's' ) {
 152:../src/lib/printf.c **** 				register char *s = (char *)((long)va_arg( args, int ));
 153:../src/lib/printf.c **** 				pc += prints (out, s?s:"(null)", width, pad);
 154:../src/lib/printf.c **** 				continue;
 155:../src/lib/printf.c **** 			}
 156:../src/lib/printf.c **** 			if( *format == 'd' ) {
 157:../src/lib/printf.c **** 				pc += printi (out, va_arg( args, int ), 10, 1, width, pad, 'a');
 158:../src/lib/printf.c **** 				continue;
 159:../src/lib/printf.c **** 			}
 160:../src/lib/printf.c **** 			if( *format == 'x' ) {
 161:../src/lib/printf.c **** 				pc += printi (out, va_arg( args, int ), 16, 0, width, pad, 'a');
 162:../src/lib/printf.c **** 				continue;
 163:../src/lib/printf.c **** 			}
 164:../src/lib/printf.c **** 			if( *format == 'X' ) {
 165:../src/lib/printf.c **** 				pc += printi (out, va_arg( args, int ), 16, 0, width, pad, 'A');
 166:../src/lib/printf.c **** 				continue;
 167:../src/lib/printf.c **** 			}
 168:../src/lib/printf.c **** 			if( *format == 'u' ) {
 169:../src/lib/printf.c **** 				pc += printi (out, va_arg( args, int ), 10, 0, width, pad, 'a');
 170:../src/lib/printf.c **** 				continue;
 171:../src/lib/printf.c **** 			}
 172:../src/lib/printf.c **** 			if( *format == 'c' ) {
 173:../src/lib/printf.c **** 				/* char are converted to int then pushed on the stack */
 174:../src/lib/printf.c **** 				scr[0] = (char)va_arg( args, int );
 175:../src/lib/printf.c **** 				scr[1] = '\0';
 176:../src/lib/printf.c **** 				pc += prints (out, scr, width, pad);
 177:../src/lib/printf.c **** 				continue;
 178:../src/lib/printf.c **** 			}
 179:../src/lib/printf.c **** 		}
 180:../src/lib/printf.c **** 		else {
 181:../src/lib/printf.c **** 		out:
 182:../src/lib/printf.c **** 			printchar (out, *format);
 183:../src/lib/printf.c **** 			++pc;
 184:../src/lib/printf.c **** 		}
 185:../src/lib/printf.c **** 	}
 186:../src/lib/printf.c **** 	if (out) **out = '\0';
 435              		.loc 1 186 2 is_stmt 1
 436              		.loc 1 186 5 is_stmt 0
 437 002c 63860900 		beq	s3,zero,.L49
 438              		.loc 1 186 11 is_stmt 1 discriminator 1
 439              		.loc 1 186 12 is_stmt 0 discriminator 1
 440 0030 83A70900 		lw	a5,0(s3)
 441              		.loc 1 186 17 discriminator 1
 442 0034 23800700 		sb	zero,0(a5)
 187:../src/lib/printf.c **** 	va_end( args );
 443              		.loc 1 187 2 is_stmt 1
 188:../src/lib/printf.c **** 	return pc;
 444              		.loc 1 188 2
 445              	.L49:
 189:../src/lib/printf.c **** }
 446              		.loc 1 189 1 is_stmt 0
 447 0038 4A85     		mv	a0,s2
 448 003a 4101     		addi	sp,sp,16
 449              		.cfi_remember_state
 450              		.cfi_def_cfa_offset 48
 451 003c 17030000 		tail	__riscv_restore_11
 451      67000300 
 452              		.cfi_restore 26
 453              		.cfi_restore 25
 454              		.cfi_restore 24
 455              		.cfi_restore 23
 456              		.cfi_restore 22
 457              		.cfi_restore 21
 458              		.cfi_restore 20
 459              		.cfi_restore 19
 460              		.cfi_restore 18
 461              		.cfi_restore 9
 462              		.cfi_restore 8
 463              		.cfi_restore 1
 464              		.cfi_def_cfa_offset 0
 465              	.LVL57:
 466              	.L67:
 467              		.cfi_restore_state
 134:../src/lib/printf.c **** 			++format;
 468              		.loc 1 134 3 is_stmt 1
 134:../src/lib/printf.c **** 			++format;
 469              		.loc 1 134 6 is_stmt 0
 470 0044 63924511 		bne	a1,s4,.L51
 135:../src/lib/printf.c **** 			width = pad = 0;
 471              		.loc 1 135 4 is_stmt 1
 472              	.LVL58:
 136:../src/lib/printf.c **** 			if (*format == '\0') break;
 473              		.loc 1 136 4
 137:../src/lib/printf.c **** 			if (*format == '%') goto out;
 474              		.loc 1 137 4
 137:../src/lib/printf.c **** 			if (*format == '%') goto out;
 475              		.loc 1 137 8 is_stmt 0
 476 0048 83C51400 		lbu	a1,1(s1)
 137:../src/lib/printf.c **** 			if (*format == '%') goto out;
 477              		.loc 1 137 7
 478 004c E5D1     		beq	a1,zero,.L52
 135:../src/lib/printf.c **** 			width = pad = 0;
 479              		.loc 1 135 4
 480 004e 13871400 		addi	a4,s1,1
 138:../src/lib/printf.c **** 			if (*format == '-') {
 481              		.loc 1 138 4 is_stmt 1
 138:../src/lib/printf.c **** 			if (*format == '-') {
 482              		.loc 1 138 7 is_stmt 0
 483 0052 638A450F 		beq	a1,s4,.L69
 139:../src/lib/printf.c **** 				++format;
 484              		.loc 1 139 4 is_stmt 1
 136:../src/lib/printf.c **** 			if (*format == '\0') break;
 485              		.loc 1 136 16 is_stmt 0
 486 0056 8147     		li	a5,0
 139:../src/lib/printf.c **** 				++format;
 487              		.loc 1 139 7
 488 0058 63956501 		bne	a1,s6,.L53
 140:../src/lib/printf.c **** 				pad = PAD_RIGHT;
 489              		.loc 1 140 5 is_stmt 1
 490 005c 13872400 		addi	a4,s1,2
 491              	.LVL59:
 141:../src/lib/printf.c **** 			}
 492              		.loc 1 141 5
 141:../src/lib/printf.c **** 			}
 493              		.loc 1 141 9 is_stmt 0
 494 0060 8547     		li	a5,1
 495              	.LVL60:
 496              	.L53:
 497 0062 BA84     		mv	s1,a4
 498              	.L54:
 499              	.LVL61:
 143:../src/lib/printf.c **** 				++format;
 500              		.loc 1 143 19 is_stmt 1
 501 0064 03C70400 		lbu	a4,0(s1)
 144:../src/lib/printf.c **** 				pad |= PAD_ZERO;
 502              		.loc 1 144 5 is_stmt 0
 503 0068 93861400 		addi	a3,s1,1
 143:../src/lib/printf.c **** 				++format;
 504              		.loc 1 143 19
 505 006c 630F7703 		beq	a4,s7,.L55
 136:../src/lib/printf.c **** 			if (*format == '\0') break;
 506              		.loc 1 136 10
 507 0070 0147     		li	a4,0
 508              	.LVL62:
 509              	.L56:
 147:../src/lib/printf.c **** 				width *= 10;
 510              		.loc 1 147 27 is_stmt 1 discriminator 1
 147:../src/lib/printf.c **** 				width *= 10;
 511              		.loc 1 147 12 is_stmt 0 discriminator 1
 512 0072 83C60400 		lbu	a3,0(s1)
 147:../src/lib/printf.c **** 				width *= 10;
 513              		.loc 1 147 46 discriminator 2
 514 0076 13851400 		addi	a0,s1,1
 147:../src/lib/printf.c **** 				width *= 10;
 515              		.loc 1 147 27 discriminator 1
 516 007a 138606FD 		addi	a2,a3,-48
 517 007e 9375F60F 		andi	a1,a2,0xff
 518 0082 6378BC02 		bleu	a1,s8,.L57
 151:../src/lib/printf.c **** 				register char *s = (char *)((long)va_arg( args, int ));
 519              		.loc 1 151 4 is_stmt 1
 520 0086 638A5605 		beq	a3,s5,.L58
 521 008a 63E9DA02 		bgtu	a3,s5,.L59
 522 008e 13063006 		li	a2,99
 523 0092 638FC608 		beq	a3,a2,.L60
 524 0096 13064006 		li	a2,100
 525 009a 6381C606 		beq	a3,a2,.L61
 526 009e 13068005 		li	a2,88
 527 00a2 638CC606 		beq	a3,a2,.L62
 528              	.LVL63:
 529              	.L63:
 133:../src/lib/printf.c **** 		if (*format == '%') {
 530              		.loc 1 133 23
 531 00a6 8504     		addi	s1,s1,1
 532              	.LVL64:
 533 00a8 BDBF     		j	.L50
 534              	.LVL65:
 535              	.L55:
 144:../src/lib/printf.c **** 				pad |= PAD_ZERO;
 536              		.loc 1 144 5
 145:../src/lib/printf.c **** 			}
 537              		.loc 1 145 5
 145:../src/lib/printf.c **** 			}
 538              		.loc 1 145 9 is_stmt 0
 539 00aa 93E72700 		ori	a5,a5,2
 540              	.LVL66:
 144:../src/lib/printf.c **** 				pad |= PAD_ZERO;
 541              		.loc 1 144 5
 542 00ae B684     		mv	s1,a3
 543 00b0 55BF     		j	.L54
 544              	.LVL67:
 545              	.L57:
 148:../src/lib/printf.c **** 				width += *format - '0';
 546              		.loc 1 148 5 is_stmt 1
 148:../src/lib/printf.c **** 				width += *format - '0';
 547              		.loc 1 148 11 is_stmt 0
 548 00b2 33079703 		mul	a4,a4,s9
 549              	.LVL68:
 149:../src/lib/printf.c **** 			}
 550              		.loc 1 149 5 is_stmt 1
 147:../src/lib/printf.c **** 				width *= 10;
 551              		.loc 1 147 46 is_stmt 0 discriminator 2
 552 00b6 AA84     		mv	s1,a0
 553              	.LVL69:
 149:../src/lib/printf.c **** 			}
 554              		.loc 1 149 11
 555 00b8 3297     		add	a4,a2,a4
 556              	.LVL70:
 147:../src/lib/printf.c **** 				width *= 10;
 557              		.loc 1 147 46 is_stmt 1 discriminator 2
 558 00ba 65BF     		j	.L56
 559              	.LVL71:
 560              	.L59:
 561 00bc 13065007 		li	a2,117
 562 00c0 6382C606 		beq	a3,a2,.L64
 563 00c4 13068007 		li	a2,120
 564 00c8 E39FC6FC 		bne	a3,a2,.L63
 161:../src/lib/printf.c **** 				continue;
 565              		.loc 1 161 5
 161:../src/lib/printf.c **** 				continue;
 566              		.loc 1 161 11 is_stmt 0
 567 00cc 130D4400 		addi	s10,s0,4
 568              	.LVL72:
 161:../src/lib/printf.c **** 				continue;
 569              		.loc 1 161 11 discriminator 1
 570 00d0 13081006 		li	a6,97
 571              	.L83:
 165:../src/lib/printf.c **** 				continue;
 572              		.loc 1 165 11 discriminator 1
 573 00d4 8146     		li	a3,0
 574 00d6 4146     		li	a2,16
 575 00d8 05A8     		j	.L81
 576              	.LVL73:
 577              	.L58:
 578              	.LBB4:
 152:../src/lib/printf.c **** 				pc += prints (out, s?s:"(null)", width, pad);
 579              		.loc 1 152 5 is_stmt 1
 152:../src/lib/printf.c **** 				pc += prints (out, s?s:"(null)", width, pad);
 580              		.loc 1 152 39 is_stmt 0
 581 00da 1440     		lw	a3,0(s0)
 582 00dc 130D4400 		addi	s10,s0,4
 583              	.LVL74:
 153:../src/lib/printf.c **** 				continue;
 584              		.loc 1 153 5 is_stmt 1
 153:../src/lib/printf.c **** 				continue;
 585              		.loc 1 153 11 is_stmt 0 discriminator 2
 586 00e0 97050000 		lla	a1,.LC0
 586      93850500 
 153:../src/lib/printf.c **** 				continue;
 587              		.loc 1 153 11
 588 00e8 91C2     		beq	a3,zero,.L66
 152:../src/lib/printf.c **** 				pc += prints (out, s?s:"(null)", width, pad);
 589              		.loc 1 152 20 discriminator 1
 590 00ea B685     		mv	a1,a3
 591              	.L66:
 153:../src/lib/printf.c **** 				continue;
 592              		.loc 1 153 11 discriminator 4
 593 00ec BE86     		mv	a3,a5
 594              	.LVL75:
 595 00ee 3A86     		mv	a2,a4
 596              	.LVL76:
 597              	.L84:
 598              	.LBE4:
 176:../src/lib/printf.c **** 				continue;
 599              		.loc 1 176 11
 600 00f0 4E85     		mv	a0,s3
 601 00f2 97000000 		call	prints
 601      E7800000 
 602              	.LVL77:
 603 00fa 29A8     		j	.L80
 604              	.LVL78:
 605              	.L61:
 157:../src/lib/printf.c **** 				continue;
 606              		.loc 1 157 5 is_stmt 1
 157:../src/lib/printf.c **** 				continue;
 607              		.loc 1 157 11 is_stmt 0
 608 00fc 130D4400 		addi	s10,s0,4
 609              	.LVL79:
 157:../src/lib/printf.c **** 				continue;
 610              		.loc 1 157 11 discriminator 1
 611 0100 13081006 		li	a6,97
 612 0104 8546     		li	a3,1
 613              	.L82:
 614 0106 2946     		li	a2,10
 615              	.L81:
 616 0108 0C40     		lw	a1,0(s0)
 617 010a 4E85     		mv	a0,s3
 618 010c 97000000 		call	printi
 618      E7800000 
 619              	.LVL80:
 620              	.L80:
 157:../src/lib/printf.c **** 				continue;
 621              		.loc 1 157 8 discriminator 2
 622 0114 2A99     		add	s2,s2,a0
 623              	.LVL81:
 158:../src/lib/printf.c **** 			}
 624              		.loc 1 158 5 is_stmt 1
 157:../src/lib/printf.c **** 				continue;
 625              		.loc 1 157 11 is_stmt 0
 626 0116 6A84     		mv	s0,s10
 158:../src/lib/printf.c **** 			}
 627              		.loc 1 158 5
 628 0118 79B7     		j	.L63
 629              	.LVL82:
 630              	.L62:
 165:../src/lib/printf.c **** 				continue;
 631              		.loc 1 165 5 is_stmt 1
 165:../src/lib/printf.c **** 				continue;
 632              		.loc 1 165 11 is_stmt 0
 633 011a 130D4400 		addi	s10,s0,4
 634              	.LVL83:
 165:../src/lib/printf.c **** 				continue;
 635              		.loc 1 165 11 discriminator 1
 636 011e 13081004 		li	a6,65
 637 0122 4DBF     		j	.L83
 638              	.LVL84:
 639              	.L64:
 169:../src/lib/printf.c **** 				continue;
 640              		.loc 1 169 5 is_stmt 1
 169:../src/lib/printf.c **** 				continue;
 641              		.loc 1 169 11 is_stmt 0
 642 0124 130D4400 		addi	s10,s0,4
 643              	.LVL85:
 169:../src/lib/printf.c **** 				continue;
 644              		.loc 1 169 11 discriminator 1
 645 0128 13081006 		li	a6,97
 646 012c 8146     		li	a3,0
 647 012e E1BF     		j	.L82
 648              	.LVL86:
 649              	.L60:
 174:../src/lib/printf.c **** 				scr[1] = '\0';
 650              		.loc 1 174 5 is_stmt 1
 174:../src/lib/printf.c **** 				scr[1] = '\0';
 651              		.loc 1 174 14 is_stmt 0 discriminator 1
 652 0130 1440     		lw	a3,0(s0)
 174:../src/lib/printf.c **** 				scr[1] = '\0';
 653              		.loc 1 174 20
 654 0132 130D4400 		addi	s10,s0,4
 655              	.LVL87:
 175:../src/lib/printf.c **** 				pc += prints (out, scr, width, pad);
 656              		.loc 1 175 12
 657 0136 A3060100 		sb	zero,13(sp)
 174:../src/lib/printf.c **** 				scr[1] = '\0';
 658              		.loc 1 174 14 discriminator 1
 659 013a 2306D100 		sb	a3,12(sp)
 175:../src/lib/printf.c **** 				pc += prints (out, scr, width, pad);
 660              		.loc 1 175 5 is_stmt 1
 176:../src/lib/printf.c **** 				continue;
 661              		.loc 1 176 5
 176:../src/lib/printf.c **** 				continue;
 662              		.loc 1 176 11 is_stmt 0
 663 013e 3A86     		mv	a2,a4
 664 0140 BE86     		mv	a3,a5
 665 0142 6C00     		addi	a1,sp,12
 666 0144 75B7     		j	.L84
 667              	.LVL88:
 668              	.L69:
 135:../src/lib/printf.c **** 			width = pad = 0;
 669              		.loc 1 135 4
 670 0146 BA84     		mv	s1,a4
 671              	.LVL89:
 672              	.L51:
 182:../src/lib/printf.c **** 			++pc;
 673              		.loc 1 182 4 is_stmt 1
 674 0148 4E85     		mv	a0,s3
 675 014a 97000000 		call	printchar
 675      E7800000 
 676              	.LVL90:
 183:../src/lib/printf.c **** 		}
 677              		.loc 1 183 4
 678 0152 0509     		addi	s2,s2,1
 679              	.LVL91:
 680 0154 89BF     		j	.L63
 681              		.cfi_endproc
 682              	.LFE6:
 684              		.section	.text.printf,"ax",@progbits
 685              		.align	1
 686              		.globl	printf
 688              	printf:
 689              	.LFB7:
 190:../src/lib/printf.c **** 
 191:../src/lib/printf.c **** int  __attribute__((optimize("Os"))) printf(const char *format, ...)
 192:../src/lib/printf.c **** {
 690              		.loc 1 192 1
 691              		.cfi_startproc
 692              	.LVL92:
 193:../src/lib/printf.c ****         va_list args;
 693              		.loc 1 193 9
 194:../src/lib/printf.c **** 
 195:../src/lib/printf.c ****         va_start( args, format );
 694              		.loc 1 195 9
 192:../src/lib/printf.c ****         va_list args;
 695              		.loc 1 192 1 is_stmt 0
 696 0000 3971     		addi	sp,sp,-64
 697              		.cfi_def_cfa_offset 64
 698 0002 2ED2     		sw	a1,36(sp)
 699 0004 32D4     		sw	a2,40(sp)
 196:../src/lib/printf.c ****         return print( 0, format, args );
 700              		.loc 1 196 16
 701 0006 AA85     		mv	a1,a0
 195:../src/lib/printf.c ****         return print( 0, format, args );
 702              		.loc 1 195 9
 703 0008 5010     		addi	a2,sp,36
 704              		.loc 1 196 16
 705 000a 0145     		li	a0,0
 706              	.LVL93:
 192:../src/lib/printf.c ****         va_list args;
 707              		.loc 1 192 1
 708 000c 06CE     		sw	ra,28(sp)
 709              		.cfi_offset 1, -36
 192:../src/lib/printf.c ****         va_list args;
 710              		.loc 1 192 1
 711 000e 36D6     		sw	a3,44(sp)
 712 0010 3AD8     		sw	a4,48(sp)
 713 0012 3EDA     		sw	a5,52(sp)
 714 0014 42DC     		sw	a6,56(sp)
 715 0016 46DE     		sw	a7,60(sp)
 195:../src/lib/printf.c ****         return print( 0, format, args );
 716              		.loc 1 195 9
 717 0018 32C6     		sw	a2,12(sp)
 718              		.loc 1 196 9 is_stmt 1
 719              		.loc 1 196 16 is_stmt 0
 720 001a 97000000 		call	print
 720      E7800000 
 721              	.LVL94:
 197:../src/lib/printf.c **** }
 722              		.loc 1 197 1
 723 0022 F240     		lw	ra,28(sp)
 724              		.cfi_restore 1
 725 0024 2161     		addi	sp,sp,64
 726              		.cfi_def_cfa_offset 0
 727 0026 8280     		jr	ra
 728              		.cfi_endproc
 729              	.LFE7:
 731              		.section	.text.sprintf,"ax",@progbits
 732              		.align	1
 733              		.globl	sprintf
 735              	sprintf:
 736              	.LFB8:
 198:../src/lib/printf.c **** 
 199:../src/lib/printf.c **** int  __attribute__((optimize("Os"))) sprintf(char *out, const char *format, ...)
 200:../src/lib/printf.c **** {
 737              		.loc 1 200 1 is_stmt 1
 738              		.cfi_startproc
 739              	.LVL95:
 201:../src/lib/printf.c ****         va_list args;
 740              		.loc 1 201 9
 202:../src/lib/printf.c **** 
 203:../src/lib/printf.c ****         va_start( args, format );
 741              		.loc 1 203 9
 200:../src/lib/printf.c ****         va_list args;
 742              		.loc 1 200 1 is_stmt 0
 743 0000 5D71     		addi	sp,sp,-80
 744              		.cfi_def_cfa_offset 80
 745 0002 2AC6     		sw	a0,12(sp)
 746 0004 32DC     		sw	a2,56(sp)
 204:../src/lib/printf.c ****         return print( &out, format, args );
 747              		.loc 1 204 16
 748 0006 6800     		addi	a0,sp,12
 749              	.LVL96:
 203:../src/lib/printf.c ****         return print( &out, format, args );
 750              		.loc 1 203 9
 751 0008 3018     		addi	a2,sp,56
 200:../src/lib/printf.c ****         va_list args;
 752              		.loc 1 200 1
 753 000a 06D6     		sw	ra,44(sp)
 754              		.cfi_offset 1, -36
 200:../src/lib/printf.c ****         va_list args;
 755              		.loc 1 200 1
 756 000c 36DE     		sw	a3,60(sp)
 757 000e BAC0     		sw	a4,64(sp)
 758 0010 BEC2     		sw	a5,68(sp)
 759 0012 C2C4     		sw	a6,72(sp)
 760 0014 C6C6     		sw	a7,76(sp)
 203:../src/lib/printf.c ****         return print( &out, format, args );
 761              		.loc 1 203 9
 762 0016 32CE     		sw	a2,28(sp)
 763              		.loc 1 204 9 is_stmt 1
 764              		.loc 1 204 16 is_stmt 0
 765 0018 97000000 		call	print
 765      E7800000 
 766              	.LVL97:
 205:../src/lib/printf.c **** }
 767              		.loc 1 205 1
 768 0020 B250     		lw	ra,44(sp)
 769              		.cfi_restore 1
 770 0022 6161     		addi	sp,sp,80
 771              		.cfi_def_cfa_offset 0
 772 0024 8280     		jr	ra
 773              		.cfi_endproc
 774              	.LFE8:
 776              		.section	.text.snprintf,"ax",@progbits
 777              		.align	1
 778              		.globl	snprintf
 780              	snprintf:
 781              	.LFB9:
 206:../src/lib/printf.c **** 
 207:../src/lib/printf.c **** int  __attribute__((optimize("Os"))) snprintf( char *buf, unsigned int count, const char *format, .
 208:../src/lib/printf.c **** {
 782              		.loc 1 208 1 is_stmt 1
 783              		.cfi_startproc
 784              	.LVL98:
 209:../src/lib/printf.c ****         va_list args;
 785              		.loc 1 209 9
 210:../src/lib/printf.c **** 
 211:../src/lib/printf.c ****         ( void ) count;
 786              		.loc 1 211 9
 212:../src/lib/printf.c **** 
 213:../src/lib/printf.c ****         va_start( args, format );
 787              		.loc 1 213 9
 208:../src/lib/printf.c ****         va_list args;
 788              		.loc 1 208 1 is_stmt 0
 789 0000 5D71     		addi	sp,sp,-80
 790              		.cfi_def_cfa_offset 80
 791 0002 2AC6     		sw	a0,12(sp)
 792 0004 B285     		mv	a1,a2
 793              	.LVL99:
 214:../src/lib/printf.c ****         return print( &buf, format, args );
 794              		.loc 1 214 16
 795 0006 6800     		addi	a0,sp,12
 796              	.LVL100:
 213:../src/lib/printf.c ****         return print( &buf, format, args );
 797              		.loc 1 213 9
 798 0008 7018     		addi	a2,sp,60
 799              	.LVL101:
 208:../src/lib/printf.c ****         va_list args;
 800              		.loc 1 208 1
 801 000a 06D6     		sw	ra,44(sp)
 802              		.cfi_offset 1, -36
 208:../src/lib/printf.c ****         va_list args;
 803              		.loc 1 208 1
 804 000c 36DE     		sw	a3,60(sp)
 805 000e BAC0     		sw	a4,64(sp)
 806 0010 BEC2     		sw	a5,68(sp)
 807 0012 C2C4     		sw	a6,72(sp)
 808 0014 C6C6     		sw	a7,76(sp)
 213:../src/lib/printf.c ****         return print( &buf, format, args );
 809              		.loc 1 213 9
 810 0016 32CE     		sw	a2,28(sp)
 811              		.loc 1 214 9 is_stmt 1
 812              		.loc 1 214 16 is_stmt 0
 813 0018 97000000 		call	print
 813      E7800000 
 814              	.LVL102:
 215:../src/lib/printf.c **** }
 815              		.loc 1 215 1
 816 0020 B250     		lw	ra,44(sp)
 817              		.cfi_restore 1
 818 0022 6161     		addi	sp,sp,80
 819              		.cfi_def_cfa_offset 0
 820 0024 8280     		jr	ra
 821              		.cfi_endproc
 822              	.LFE9:
 824              		.section	.text.write,"ax",@progbits
 825              		.align	1
 826              		.globl	write
 828              	write:
 829              	.LFB10:
 216:../src/lib/printf.c **** 
 217:../src/lib/printf.c **** /* To keep linker happy. */
 218:../src/lib/printf.c **** int	 __attribute__((optimize("Os"))) write( int i, char* c, int n)
 219:../src/lib/printf.c **** {
 830              		.loc 1 219 1 is_stmt 1
 831              		.cfi_startproc
 832              	.LVL103:
 220:../src/lib/printf.c **** 	return 0;
 833              		.loc 1 220 2
 221:../src/lib/printf.c **** }
 834              		.loc 1 221 1 is_stmt 0
 835 0000 0145     		li	a0,0
 836              	.LVL104:
 837 0002 8280     		ret
 838              		.cfi_endproc
 839              	.LFE10:
 841              		.text
 842              	.Letext0:
 843              		.file 2 "F:/gowin/GMD/toolchain/gowin/gcc_riscv/lib/gcc/riscv-none-elf/14.2.0/include/stdarg.h"
 844              		.file 3 "F:/gowin/GMD/toolchain/gowin/gcc_riscv/riscv-none-elf/include/stdio.h"
 845              		.file 4 "<built-in>"
DEFINED SYMBOLS
                            *ABS*:00000000 printf.c
C:\Users\nesus\AppData\Local\Temp\ccbiaWhF.s:13     .text.printchar:00000000 printchar
C:\Users\nesus\AppData\Local\Temp\ccbiaWhF.s:17     .text.printchar:00000000 .L0 
C:\Users\nesus\AppData\Local\Temp\ccbiaWhF.s:19     .text.printchar:00000000 .L0 
C:\Users\nesus\AppData\Local\Temp\ccbiaWhF.s:20     .text.printchar:00000000 .L0 
C:\Users\nesus\AppData\Local\Temp\ccbiaWhF.s:21     .text.printchar:00000000 .L0 
C:\Users\nesus\AppData\Local\Temp\ccbiaWhF.s:22     .text.printchar:00000000 $xrv32i2p1_m2p0_c2p0_zicsr2p0_zmmul1p0
C:\Users\nesus\AppData\Local\Temp\ccbiaWhF.s:22     .text.printchar:00000000 .L0 
C:\Users\nesus\AppData\Local\Temp\ccbiaWhF.s:26     .text.printchar:00000004 .L0 
C:\Users\nesus\AppData\Local\Temp\ccbiaWhF.s:28     .text.printchar:00000006 .L0 
C:\Users\nesus\AppData\Local\Temp\ccbiaWhF.s:29     .text.printchar:00000006 .L0 
C:\Users\nesus\AppData\Local\Temp\ccbiaWhF.s:31     .text.printchar:00000008 .L0 
C:\Users\nesus\AppData\Local\Temp\ccbiaWhF.s:33     .text.printchar:0000000c .L0 
C:\Users\nesus\AppData\Local\Temp\ccbiaWhF.s:39     .text.printchar:00000014 .L0 
C:\Users\nesus\AppData\Local\Temp\ccbiaWhF.s:40     .text.printchar:00000014 .L0 
C:\Users\nesus\AppData\Local\Temp\ccbiaWhF.s:42     .text.printchar:0000001c .L0 
C:\Users\nesus\AppData\Local\Temp\ccbiaWhF.s:48     .text.prints:00000000 prints
C:\Users\nesus\AppData\Local\Temp\ccbiaWhF.s:51     .text.prints:00000000 .L0 
C:\Users\nesus\AppData\Local\Temp\ccbiaWhF.s:53     .text.prints:00000000 $xrv32i2p1_m2p0_c2p0_zicsr2p0_zmmul1p0
C:\Users\nesus\AppData\Local\Temp\ccbiaWhF.s:53     .text.prints:00000000 .L0 
C:\Users\nesus\AppData\Local\Temp\ccbiaWhF.s:54     .text.prints:00000008 .L0 
C:\Users\nesus\AppData\Local\Temp\ccbiaWhF.s:55     .text.prints:00000008 .L0 
C:\Users\nesus\AppData\Local\Temp\ccbiaWhF.s:56     .text.prints:00000008 .L0 
C:\Users\nesus\AppData\Local\Temp\ccbiaWhF.s:57     .text.prints:00000008 .L0 
C:\Users\nesus\AppData\Local\Temp\ccbiaWhF.s:58     .text.prints:00000008 .L0 
C:\Users\nesus\AppData\Local\Temp\ccbiaWhF.s:59     .text.prints:00000008 .L0 
C:\Users\nesus\AppData\Local\Temp\ccbiaWhF.s:60     .text.prints:00000008 .L0 
C:\Users\nesus\AppData\Local\Temp\ccbiaWhF.s:61     .text.prints:00000008 .L0 
C:\Users\nesus\AppData\Local\Temp\ccbiaWhF.s:64     .text.prints:00000008 .L0 
C:\Users\nesus\AppData\Local\Temp\ccbiaWhF.s:65     .text.prints:00000008 .L0 
C:\Users\nesus\AppData\Local\Temp\ccbiaWhF.s:66     .text.prints:00000008 .L0 
C:\Users\nesus\AppData\Local\Temp\ccbiaWhF.s:72     .text.prints:00000014 .L0 
C:\Users\nesus\AppData\Local\Temp\ccbiaWhF.s:75     .text.prints:00000018 .L0 
C:\Users\nesus\AppData\Local\Temp\ccbiaWhF.s:80     .text.prints:00000022 .L0 
C:\Users\nesus\AppData\Local\Temp\ccbiaWhF.s:81     .text.prints:00000022 .L0 
C:\Users\nesus\AppData\Local\Temp\ccbiaWhF.s:83     .text.prints:00000026 .L0 
C:\Users\nesus\AppData\Local\Temp\ccbiaWhF.s:84     .text.prints:00000026 .L0 
C:\Users\nesus\AppData\Local\Temp\ccbiaWhF.s:89     .text.prints:00000028 .L0 
C:\Users\nesus\AppData\Local\Temp\ccbiaWhF.s:90     .text.prints:00000028 .L0 
C:\Users\nesus\AppData\Local\Temp\ccbiaWhF.s:96     .text.prints:00000034 .L0 
C:\Users\nesus\AppData\Local\Temp\ccbiaWhF.s:97     .text.prints:00000034 .L0 
C:\Users\nesus\AppData\Local\Temp\ccbiaWhF.s:100    .text.prints:00000036 .L0 
C:\Users\nesus\AppData\Local\Temp\ccbiaWhF.s:102    .text.prints:00000038 .L0 
C:\Users\nesus\AppData\Local\Temp\ccbiaWhF.s:111    .text.prints:0000003e .L0 
C:\Users\nesus\AppData\Local\Temp\ccbiaWhF.s:118    .text.prints:00000042 .L0 
C:\Users\nesus\AppData\Local\Temp\ccbiaWhF.s:123    .text.prints:0000004e .L0 
C:\Users\nesus\AppData\Local\Temp\ccbiaWhF.s:124    .text.prints:0000004e .L0 
C:\Users\nesus\AppData\Local\Temp\ccbiaWhF.s:128    .text.prints:00000050 .L0 
C:\Users\nesus\AppData\Local\Temp\ccbiaWhF.s:142    .text.prints:00000064 .L0 
C:\Users\nesus\AppData\Local\Temp\ccbiaWhF.s:146    .text.prints:0000006e .L0 
C:\Users\nesus\AppData\Local\Temp\ccbiaWhF.s:150    .text.prints:00000070 .L0 
C:\Users\nesus\AppData\Local\Temp\ccbiaWhF.s:151    .text.prints:00000070 .L0 
C:\Users\nesus\AppData\Local\Temp\ccbiaWhF.s:159    .text.prints:0000007e .L0 
C:\Users\nesus\AppData\Local\Temp\ccbiaWhF.s:161    .text.prints:00000082 .L0 
C:\Users\nesus\AppData\Local\Temp\ccbiaWhF.s:162    .text.prints:00000082 .L0 
C:\Users\nesus\AppData\Local\Temp\ccbiaWhF.s:166    .text.prints:0000008c .L0 
C:\Users\nesus\AppData\Local\Temp\ccbiaWhF.s:168    .text.prints:00000096 .L0 
C:\Users\nesus\AppData\Local\Temp\ccbiaWhF.s:169    .text.prints:00000096 .L0 
C:\Users\nesus\AppData\Local\Temp\ccbiaWhF.s:170    .text.prints:00000096 .L0 
C:\Users\nesus\AppData\Local\Temp\ccbiaWhF.s:171    .text.prints:00000096 .L0 
C:\Users\nesus\AppData\Local\Temp\ccbiaWhF.s:172    .text.prints:00000096 .L0 
C:\Users\nesus\AppData\Local\Temp\ccbiaWhF.s:173    .text.prints:00000096 .L0 
C:\Users\nesus\AppData\Local\Temp\ccbiaWhF.s:174    .text.prints:00000096 .L0 
C:\Users\nesus\AppData\Local\Temp\ccbiaWhF.s:175    .text.prints:00000096 .L0 
C:\Users\nesus\AppData\Local\Temp\ccbiaWhF.s:176    .text.prints:00000096 .L0 
C:\Users\nesus\AppData\Local\Temp\ccbiaWhF.s:178    .text.prints:00000096 .L0 
C:\Users\nesus\AppData\Local\Temp\ccbiaWhF.s:180    .text.prints:00000096 .L0 
C:\Users\nesus\AppData\Local\Temp\ccbiaWhF.s:185    .text.prints:000000a2 .L0 
C:\Users\nesus\AppData\Local\Temp\ccbiaWhF.s:186    .text.prints:000000a2 .L0 
C:\Users\nesus\AppData\Local\Temp\ccbiaWhF.s:189    .text.prints:000000a6 .L0 
C:\Users\nesus\AppData\Local\Temp\ccbiaWhF.s:195    .text.printi:00000000 printi
C:\Users\nesus\AppData\Local\Temp\ccbiaWhF.s:198    .text.printi:00000000 .L0 
C:\Users\nesus\AppData\Local\Temp\ccbiaWhF.s:200    .text.printi:00000000 $xrv32i2p1_m2p0_c2p0_zicsr2p0_zmmul1p0
C:\Users\nesus\AppData\Local\Temp\ccbiaWhF.s:200    .text.printi:00000000 .L0 
C:\Users\nesus\AppData\Local\Temp\ccbiaWhF.s:201    .text.printi:00000008 .L0 
C:\Users\nesus\AppData\Local\Temp\ccbiaWhF.s:202    .text.printi:00000008 .L0 
C:\Users\nesus\AppData\Local\Temp\ccbiaWhF.s:203    .text.printi:00000008 .L0 
C:\Users\nesus\AppData\Local\Temp\ccbiaWhF.s:204    .text.printi:00000008 .L0 
C:\Users\nesus\AppData\Local\Temp\ccbiaWhF.s:205    .text.printi:00000008 .L0 
C:\Users\nesus\AppData\Local\Temp\ccbiaWhF.s:207    .text.printi:00000008 .L0 
C:\Users\nesus\AppData\Local\Temp\ccbiaWhF.s:208    .text.printi:00000008 .L0 
C:\Users\nesus\AppData\Local\Temp\ccbiaWhF.s:210    .text.printi:00000008 .L0 
C:\Users\nesus\AppData\Local\Temp\ccbiaWhF.s:211    .text.printi:00000008 .L0 
C:\Users\nesus\AppData\Local\Temp\ccbiaWhF.s:212    .text.printi:00000008 .L0 
C:\Users\nesus\AppData\Local\Temp\ccbiaWhF.s:213    .text.printi:00000008 .L0 
C:\Users\nesus\AppData\Local\Temp\ccbiaWhF.s:216    .text.printi:0000000e .L0 
C:\Users\nesus\AppData\Local\Temp\ccbiaWhF.s:218    .text.printi:0000000e .L0 
C:\Users\nesus\AppData\Local\Temp\ccbiaWhF.s:223    .text.printi:00000012 .L0 
C:\Users\nesus\AppData\Local\Temp\ccbiaWhF.s:225    .text.printi:00000014 .L0 
C:\Users\nesus\AppData\Local\Temp\ccbiaWhF.s:226    .text.printi:00000014 .L0 
C:\Users\nesus\AppData\Local\Temp\ccbiaWhF.s:227    .text.printi:00000014 .L0 
C:\Users\nesus\AppData\Local\Temp\ccbiaWhF.s:230    .text.printi:00000018 .L0 
C:\Users\nesus\AppData\Local\Temp\ccbiaWhF.s:233    .text.printi:0000001a .L0 
C:\Users\nesus\AppData\Local\Temp\ccbiaWhF.s:235    .text.printi:0000001e .L0 
C:\Users\nesus\AppData\Local\Temp\ccbiaWhF.s:236    .text.printi:0000001e .L0 
C:\Users\nesus\AppData\Local\Temp\ccbiaWhF.s:240    .text.printi:00000026 .L0 
C:\Users\nesus\AppData\Local\Temp\ccbiaWhF.s:241    .text.printi:00000028 .L0 
C:\Users\nesus\AppData\Local\Temp\ccbiaWhF.s:242    .text.printi:00000028 .L0 
C:\Users\nesus\AppData\Local\Temp\ccbiaWhF.s:244    .text.printi:00000030 .L0 
C:\Users\nesus\AppData\Local\Temp\ccbiaWhF.s:245    .text.printi:00000030 .L0 
C:\Users\nesus\AppData\Local\Temp\ccbiaWhF.s:246    .text.printi:00000030 .L0 
C:\Users\nesus\AppData\Local\Temp\ccbiaWhF.s:247    .text.printi:00000030 .L0 
C:\Users\nesus\AppData\Local\Temp\ccbiaWhF.s:248    .text.printi:00000030 .L0 
C:\Users\nesus\AppData\Local\Temp\ccbiaWhF.s:251    .text.printi:00000030 .L0 
C:\Users\nesus\AppData\Local\Temp\ccbiaWhF.s:254    .text.printi:00000032 .L0 
C:\Users\nesus\AppData\Local\Temp\ccbiaWhF.s:255    .text.printi:00000032 .L0 
C:\Users\nesus\AppData\Local\Temp\ccbiaWhF.s:258    .text.printi:00000034 .L0 
C:\Users\nesus\AppData\Local\Temp\ccbiaWhF.s:260    .text.printi:00000036 .L0 
C:\Users\nesus\AppData\Local\Temp\ccbiaWhF.s:263    .text.printi:00000038 .L0 
C:\Users\nesus\AppData\Local\Temp\ccbiaWhF.s:265    .text.printi:0000003c .L0 
C:\Users\nesus\AppData\Local\Temp\ccbiaWhF.s:268    .text.printi:00000040 .L0 
C:\Users\nesus\AppData\Local\Temp\ccbiaWhF.s:269    .text.printi:00000040 .L0 
C:\Users\nesus\AppData\Local\Temp\ccbiaWhF.s:270    .text.printi:00000040 .L0 
C:\Users\nesus\AppData\Local\Temp\ccbiaWhF.s:273    .text.printi:00000044 .L0 
C:\Users\nesus\AppData\Local\Temp\ccbiaWhF.s:277    .text.printi:00000046 .L0 
C:\Users\nesus\AppData\Local\Temp\ccbiaWhF.s:278    .text.printi:00000046 .L0 
C:\Users\nesus\AppData\Local\Temp\ccbiaWhF.s:279    .text.printi:00000046 .L0 
C:\Users\nesus\AppData\Local\Temp\ccbiaWhF.s:281    .text.printi:0000004a .L0 
C:\Users\nesus\AppData\Local\Temp\ccbiaWhF.s:282    .text.printi:0000004a .L0 
C:\Users\nesus\AppData\Local\Temp\ccbiaWhF.s:283    .text.printi:0000004a .L0 
C:\Users\nesus\AppData\Local\Temp\ccbiaWhF.s:286    .text.printi:0000004e .L0 
C:\Users\nesus\AppData\Local\Temp\ccbiaWhF.s:288    .text.printi:00000050 .L0 
C:\Users\nesus\AppData\Local\Temp\ccbiaWhF.s:292    .text.printi:00000054 .L0 
C:\Users\nesus\AppData\Local\Temp\ccbiaWhF.s:293    .text.printi:00000054 .L0 
C:\Users\nesus\AppData\Local\Temp\ccbiaWhF.s:296    .text.printi:00000058 .L0 
C:\Users\nesus\AppData\Local\Temp\ccbiaWhF.s:297    .text.printi:00000058 .L0 
C:\Users\nesus\AppData\Local\Temp\ccbiaWhF.s:299    .text.printi:0000005c .L0 
C:\Users\nesus\AppData\Local\Temp\ccbiaWhF.s:300    .text.printi:0000005c .L0 
C:\Users\nesus\AppData\Local\Temp\ccbiaWhF.s:304    .text.printi:0000005e .L0 
C:\Users\nesus\AppData\Local\Temp\ccbiaWhF.s:305    .text.printi:0000005e .L0 
C:\Users\nesus\AppData\Local\Temp\ccbiaWhF.s:308    .text.printi:00000062 .L0 
C:\Users\nesus\AppData\Local\Temp\ccbiaWhF.s:312    .text.printi:0000006a .L0 
C:\Users\nesus\AppData\Local\Temp\ccbiaWhF.s:313    .text.printi:0000006a .L0 
C:\Users\nesus\AppData\Local\Temp\ccbiaWhF.s:316    .text.printi:0000006e .L0 
C:\Users\nesus\AppData\Local\Temp\ccbiaWhF.s:318    .text.printi:00000072 .L0 
C:\Users\nesus\AppData\Local\Temp\ccbiaWhF.s:319    .text.printi:00000072 .L0 
C:\Users\nesus\AppData\Local\Temp\ccbiaWhF.s:321    .text.printi:00000074 .L0 
C:\Users\nesus\AppData\Local\Temp\ccbiaWhF.s:322    .text.printi:00000074 .L0 
C:\Users\nesus\AppData\Local\Temp\ccbiaWhF.s:324    .text.printi:00000076 .L0 
C:\Users\nesus\AppData\Local\Temp\ccbiaWhF.s:327    .text.printi:0000007a .L0 
C:\Users\nesus\AppData\Local\Temp\ccbiaWhF.s:329    .text.printi:0000007c .L0 
C:\Users\nesus\AppData\Local\Temp\ccbiaWhF.s:335    .text.printi:00000086 .L0 
C:\Users\nesus\AppData\Local\Temp\ccbiaWhF.s:338    .text.printi:0000008e .L0 
C:\Users\nesus\AppData\Local\Temp\ccbiaWhF.s:339    .text.printi:0000008e .L0 
C:\Users\nesus\AppData\Local\Temp\ccbiaWhF.s:345    .text.printi:00000094 .L0 
C:\Users\nesus\AppData\Local\Temp\ccbiaWhF.s:346    .text.printi:00000094 .L0 
C:\Users\nesus\AppData\Local\Temp\ccbiaWhF.s:351    .text.printi:000000a0 .L0 
C:\Users\nesus\AppData\Local\Temp\ccbiaWhF.s:353    .text.printi:000000a2 .L0 
C:\Users\nesus\AppData\Local\Temp\ccbiaWhF.s:362    .text.printi:000000aa .L0 
C:\Users\nesus\AppData\Local\Temp\ccbiaWhF.s:363    .text.printi:000000aa .L0 
C:\Users\nesus\AppData\Local\Temp\ccbiaWhF.s:366    .text.printi:000000b2 .L0 
C:\Users\nesus\AppData\Local\Temp\ccbiaWhF.s:369    .text.printi:000000b4 .L0 
C:\Users\nesus\AppData\Local\Temp\ccbiaWhF.s:372    .text.printi:000000ba .L0 
C:\Users\nesus\AppData\Local\Temp\ccbiaWhF.s:382    .text.print:00000000 print
C:\Users\nesus\AppData\Local\Temp\ccbiaWhF.s:385    .text.print:00000000 .L0 
C:\Users\nesus\AppData\Local\Temp\ccbiaWhF.s:387    .text.print:00000000 $xrv32i2p1_m2p0_c2p0_zicsr2p0_zmmul1p0
C:\Users\nesus\AppData\Local\Temp\ccbiaWhF.s:387    .text.print:00000000 .L0 
C:\Users\nesus\AppData\Local\Temp\ccbiaWhF.s:388    .text.print:00000008 .L0 
C:\Users\nesus\AppData\Local\Temp\ccbiaWhF.s:389    .text.print:00000008 .L0 
C:\Users\nesus\AppData\Local\Temp\ccbiaWhF.s:390    .text.print:00000008 .L0 
C:\Users\nesus\AppData\Local\Temp\ccbiaWhF.s:391    .text.print:00000008 .L0 
C:\Users\nesus\AppData\Local\Temp\ccbiaWhF.s:392    .text.print:00000008 .L0 
C:\Users\nesus\AppData\Local\Temp\ccbiaWhF.s:393    .text.print:00000008 .L0 
C:\Users\nesus\AppData\Local\Temp\ccbiaWhF.s:394    .text.print:00000008 .L0 
C:\Users\nesus\AppData\Local\Temp\ccbiaWhF.s:395    .text.print:00000008 .L0 
C:\Users\nesus\AppData\Local\Temp\ccbiaWhF.s:396    .text.print:00000008 .L0 
C:\Users\nesus\AppData\Local\Temp\ccbiaWhF.s:397    .text.print:00000008 .L0 
C:\Users\nesus\AppData\Local\Temp\ccbiaWhF.s:398    .text.print:00000008 .L0 
C:\Users\nesus\AppData\Local\Temp\ccbiaWhF.s:399    .text.print:00000008 .L0 
C:\Users\nesus\AppData\Local\Temp\ccbiaWhF.s:400    .text.print:00000008 .L0 
C:\Users\nesus\AppData\Local\Temp\ccbiaWhF.s:402    .text.print:0000000a .L0 
C:\Users\nesus\AppData\Local\Temp\ccbiaWhF.s:404    .text.print:0000000a .L0 
C:\Users\nesus\AppData\Local\Temp\ccbiaWhF.s:406    .text.print:0000000c .L0 
C:\Users\nesus\AppData\Local\Temp\ccbiaWhF.s:408    .text.print:0000000c .L0 
C:\Users\nesus\AppData\Local\Temp\ccbiaWhF.s:409    .text.print:0000000c .L0 
C:\Users\nesus\AppData\Local\Temp\ccbiaWhF.s:410    .text.print:0000000c .L0 
C:\Users\nesus\AppData\Local\Temp\ccbiaWhF.s:411    .text.print:0000000c .L0 
C:\Users\nesus\AppData\Local\Temp\ccbiaWhF.s:414    .text.print:00000010 .L0 
C:\Users\nesus\AppData\Local\Temp\ccbiaWhF.s:416    .text.print:00000012 .L0 
C:\Users\nesus\AppData\Local\Temp\ccbiaWhF.s:418    .text.print:00000016 .L0 
C:\Users\nesus\AppData\Local\Temp\ccbiaWhF.s:420    .text.print:0000001a .L0 
C:\Users\nesus\AppData\Local\Temp\ccbiaWhF.s:422    .text.print:0000001e .L0 
C:\Users\nesus\AppData\Local\Temp\ccbiaWhF.s:424    .text.print:00000020 .L0 
C:\Users\nesus\AppData\Local\Temp\ccbiaWhF.s:429    .text.print:00000026 .L0 
C:\Users\nesus\AppData\Local\Temp\ccbiaWhF.s:430    .text.print:00000026 .L0 
C:\Users\nesus\AppData\Local\Temp\ccbiaWhF.s:432    .text.print:0000002a .L0 
C:\Users\nesus\AppData\Local\Temp\ccbiaWhF.s:436    .text.print:0000002c .L0 
C:\Users\nesus\AppData\Local\Temp\ccbiaWhF.s:437    .text.print:0000002c .L0 
C:\Users\nesus\AppData\Local\Temp\ccbiaWhF.s:439    .text.print:00000030 .L0 
C:\Users\nesus\AppData\Local\Temp\ccbiaWhF.s:440    .text.print:00000030 .L0 
C:\Users\nesus\AppData\Local\Temp\ccbiaWhF.s:442    .text.print:00000034 .L0 
C:\Users\nesus\AppData\Local\Temp\ccbiaWhF.s:444    .text.print:00000038 .L0 
C:\Users\nesus\AppData\Local\Temp\ccbiaWhF.s:446    .text.print:00000038 .L0 
C:\Users\nesus\AppData\Local\Temp\ccbiaWhF.s:447    .text.print:00000038 .L0 
C:\Users\nesus\AppData\Local\Temp\ccbiaWhF.s:449    .text.print:0000003c .L0 
C:\Users\nesus\AppData\Local\Temp\ccbiaWhF.s:450    .text.print:0000003c .L0 
C:\Users\nesus\AppData\Local\Temp\ccbiaWhF.s:452    .text.print:00000044 .L0 
C:\Users\nesus\AppData\Local\Temp\ccbiaWhF.s:453    .text.print:00000044 .L0 
C:\Users\nesus\AppData\Local\Temp\ccbiaWhF.s:454    .text.print:00000044 .L0 
C:\Users\nesus\AppData\Local\Temp\ccbiaWhF.s:455    .text.print:00000044 .L0 
C:\Users\nesus\AppData\Local\Temp\ccbiaWhF.s:456    .text.print:00000044 .L0 
C:\Users\nesus\AppData\Local\Temp\ccbiaWhF.s:457    .text.print:00000044 .L0 
C:\Users\nesus\AppData\Local\Temp\ccbiaWhF.s:458    .text.print:00000044 .L0 
C:\Users\nesus\AppData\Local\Temp\ccbiaWhF.s:459    .text.print:00000044 .L0 
C:\Users\nesus\AppData\Local\Temp\ccbiaWhF.s:460    .text.print:00000044 .L0 
C:\Users\nesus\AppData\Local\Temp\ccbiaWhF.s:461    .text.print:00000044 .L0 
C:\Users\nesus\AppData\Local\Temp\ccbiaWhF.s:462    .text.print:00000044 .L0 
C:\Users\nesus\AppData\Local\Temp\ccbiaWhF.s:463    .text.print:00000044 .L0 
C:\Users\nesus\AppData\Local\Temp\ccbiaWhF.s:464    .text.print:00000044 .L0 
C:\Users\nesus\AppData\Local\Temp\ccbiaWhF.s:467    .text.print:00000044 .L0 
C:\Users\nesus\AppData\Local\Temp\ccbiaWhF.s:469    .text.print:00000044 .L0 
C:\Users\nesus\AppData\Local\Temp\ccbiaWhF.s:470    .text.print:00000044 .L0 
C:\Users\nesus\AppData\Local\Temp\ccbiaWhF.s:473    .text.print:00000048 .L0 
C:\Users\nesus\AppData\Local\Temp\ccbiaWhF.s:474    .text.print:00000048 .L0 
C:\Users\nesus\AppData\Local\Temp\ccbiaWhF.s:475    .text.print:00000048 .L0 
C:\Users\nesus\AppData\Local\Temp\ccbiaWhF.s:476    .text.print:00000048 .L0 
C:\Users\nesus\AppData\Local\Temp\ccbiaWhF.s:478    .text.print:0000004c .L0 
C:\Users\nesus\AppData\Local\Temp\ccbiaWhF.s:480    .text.print:0000004e .L0 
C:\Users\nesus\AppData\Local\Temp\ccbiaWhF.s:482    .text.print:00000052 .L0 
C:\Users\nesus\AppData\Local\Temp\ccbiaWhF.s:483    .text.print:00000052 .L0 
C:\Users\nesus\AppData\Local\Temp\ccbiaWhF.s:485    .text.print:00000056 .L0 
C:\Users\nesus\AppData\Local\Temp\ccbiaWhF.s:486    .text.print:00000056 .L0 
C:\Users\nesus\AppData\Local\Temp\ccbiaWhF.s:488    .text.print:00000058 .L0 
C:\Users\nesus\AppData\Local\Temp\ccbiaWhF.s:490    .text.print:0000005c .L0 
C:\Users\nesus\AppData\Local\Temp\ccbiaWhF.s:493    .text.print:00000060 .L0 
C:\Users\nesus\AppData\Local\Temp\ccbiaWhF.s:494    .text.print:00000060 .L0 
C:\Users\nesus\AppData\Local\Temp\ccbiaWhF.s:501    .text.print:00000064 .L0 
C:\Users\nesus\AppData\Local\Temp\ccbiaWhF.s:503    .text.print:00000068 .L0 
C:\Users\nesus\AppData\Local\Temp\ccbiaWhF.s:505    .text.print:0000006c .L0 
C:\Users\nesus\AppData\Local\Temp\ccbiaWhF.s:507    .text.print:00000070 .L0 
C:\Users\nesus\AppData\Local\Temp\ccbiaWhF.s:511    .text.print:00000072 .L0 
C:\Users\nesus\AppData\Local\Temp\ccbiaWhF.s:512    .text.print:00000072 .L0 
C:\Users\nesus\AppData\Local\Temp\ccbiaWhF.s:514    .text.print:00000076 .L0 
C:\Users\nesus\AppData\Local\Temp\ccbiaWhF.s:516    .text.print:0000007a .L0 
C:\Users\nesus\AppData\Local\Temp\ccbiaWhF.s:520    .text.print:00000086 .L0 
C:\Users\nesus\AppData\Local\Temp\ccbiaWhF.s:531    .text.print:000000a6 .L0 
C:\Users\nesus\AppData\Local\Temp\ccbiaWhF.s:537    .text.print:000000aa .L0 
C:\Users\nesus\AppData\Local\Temp\ccbiaWhF.s:538    .text.print:000000aa .L0 
C:\Users\nesus\AppData\Local\Temp\ccbiaWhF.s:539    .text.print:000000aa .L0 
C:\Users\nesus\AppData\Local\Temp\ccbiaWhF.s:542    .text.print:000000ae .L0 
C:\Users\nesus\AppData\Local\Temp\ccbiaWhF.s:547    .text.print:000000b2 .L0 
C:\Users\nesus\AppData\Local\Temp\ccbiaWhF.s:548    .text.print:000000b2 .L0 
C:\Users\nesus\AppData\Local\Temp\ccbiaWhF.s:551    .text.print:000000b6 .L0 
C:\Users\nesus\AppData\Local\Temp\ccbiaWhF.s:552    .text.print:000000b6 .L0 
C:\Users\nesus\AppData\Local\Temp\ccbiaWhF.s:555    .text.print:000000b8 .L0 
C:\Users\nesus\AppData\Local\Temp\ccbiaWhF.s:558    .text.print:000000ba .L0 
C:\Users\nesus\AppData\Local\Temp\ccbiaWhF.s:566    .text.print:000000cc .L0 
C:\Users\nesus\AppData\Local\Temp\ccbiaWhF.s:567    .text.print:000000cc .L0 
C:\Users\nesus\AppData\Local\Temp\ccbiaWhF.s:570    .text.print:000000d0 .L0 
C:\Users\nesus\AppData\Local\Temp\ccbiaWhF.s:573    .text.print:000000d4 .L0 
C:\Users\nesus\AppData\Local\Temp\ccbiaWhF.s:580    .text.print:000000da .L0 
C:\Users\nesus\AppData\Local\Temp\ccbiaWhF.s:581    .text.print:000000da .L0 
C:\Users\nesus\AppData\Local\Temp\ccbiaWhF.s:585    .text.print:000000e0 .L0 
C:\Users\nesus\AppData\Local\Temp\ccbiaWhF.s:586    .text.print:000000e0 .L0 
C:\Users\nesus\AppData\Local\Temp\ccbiaWhF.s:588    .text.print:000000e8 .L0 
C:\Users\nesus\AppData\Local\Temp\ccbiaWhF.s:590    .text.print:000000ea .L0 
C:\Users\nesus\AppData\Local\Temp\ccbiaWhF.s:593    .text.print:000000ec .L0 
C:\Users\nesus\AppData\Local\Temp\ccbiaWhF.s:600    .text.print:000000f0 .L0 
C:\Users\nesus\AppData\Local\Temp\ccbiaWhF.s:607    .text.print:000000fc .L0 
C:\Users\nesus\AppData\Local\Temp\ccbiaWhF.s:608    .text.print:000000fc .L0 
C:\Users\nesus\AppData\Local\Temp\ccbiaWhF.s:611    .text.print:00000100 .L0 
C:\Users\nesus\AppData\Local\Temp\ccbiaWhF.s:622    .text.print:00000114 .L0 
C:\Users\nesus\AppData\Local\Temp\ccbiaWhF.s:625    .text.print:00000116 .L0 
C:\Users\nesus\AppData\Local\Temp\ccbiaWhF.s:626    .text.print:00000116 .L0 
C:\Users\nesus\AppData\Local\Temp\ccbiaWhF.s:628    .text.print:00000118 .L0 
C:\Users\nesus\AppData\Local\Temp\ccbiaWhF.s:632    .text.print:0000011a .L0 
C:\Users\nesus\AppData\Local\Temp\ccbiaWhF.s:633    .text.print:0000011a .L0 
C:\Users\nesus\AppData\Local\Temp\ccbiaWhF.s:636    .text.print:0000011e .L0 
C:\Users\nesus\AppData\Local\Temp\ccbiaWhF.s:641    .text.print:00000124 .L0 
C:\Users\nesus\AppData\Local\Temp\ccbiaWhF.s:642    .text.print:00000124 .L0 
C:\Users\nesus\AppData\Local\Temp\ccbiaWhF.s:645    .text.print:00000128 .L0 
C:\Users\nesus\AppData\Local\Temp\ccbiaWhF.s:651    .text.print:00000130 .L0 
C:\Users\nesus\AppData\Local\Temp\ccbiaWhF.s:652    .text.print:00000130 .L0 
C:\Users\nesus\AppData\Local\Temp\ccbiaWhF.s:654    .text.print:00000132 .L0 
C:\Users\nesus\AppData\Local\Temp\ccbiaWhF.s:657    .text.print:00000136 .L0 
C:\Users\nesus\AppData\Local\Temp\ccbiaWhF.s:659    .text.print:0000013a .L0 
C:\Users\nesus\AppData\Local\Temp\ccbiaWhF.s:661    .text.print:0000013e .L0 
C:\Users\nesus\AppData\Local\Temp\ccbiaWhF.s:662    .text.print:0000013e .L0 
C:\Users\nesus\AppData\Local\Temp\ccbiaWhF.s:663    .text.print:0000013e .L0 
C:\Users\nesus\AppData\Local\Temp\ccbiaWhF.s:670    .text.print:00000146 .L0 
C:\Users\nesus\AppData\Local\Temp\ccbiaWhF.s:674    .text.print:00000148 .L0 
C:\Users\nesus\AppData\Local\Temp\ccbiaWhF.s:678    .text.print:00000152 .L0 
C:\Users\nesus\AppData\Local\Temp\ccbiaWhF.s:681    .text.print:00000156 .L0 
C:\Users\nesus\AppData\Local\Temp\ccbiaWhF.s:688    .text.printf:00000000 printf
C:\Users\nesus\AppData\Local\Temp\ccbiaWhF.s:691    .text.printf:00000000 .L0 
C:\Users\nesus\AppData\Local\Temp\ccbiaWhF.s:693    .text.printf:00000000 .L0 
C:\Users\nesus\AppData\Local\Temp\ccbiaWhF.s:694    .text.printf:00000000 .L0 
C:\Users\nesus\AppData\Local\Temp\ccbiaWhF.s:695    .text.printf:00000000 .L0 
C:\Users\nesus\AppData\Local\Temp\ccbiaWhF.s:696    .text.printf:00000000 $xrv32i2p1_m2p0_c2p0_zicsr2p0_zmmul1p0
C:\Users\nesus\AppData\Local\Temp\ccbiaWhF.s:696    .text.printf:00000000 .L0 
C:\Users\nesus\AppData\Local\Temp\ccbiaWhF.s:697    .text.printf:00000002 .L0 
C:\Users\nesus\AppData\Local\Temp\ccbiaWhF.s:701    .text.printf:00000006 .L0 
C:\Users\nesus\AppData\Local\Temp\ccbiaWhF.s:703    .text.printf:00000008 .L0 
C:\Users\nesus\AppData\Local\Temp\ccbiaWhF.s:705    .text.printf:0000000a .L0 
C:\Users\nesus\AppData\Local\Temp\ccbiaWhF.s:708    .text.printf:0000000c .L0 
C:\Users\nesus\AppData\Local\Temp\ccbiaWhF.s:709    .text.printf:0000000e .L0 
C:\Users\nesus\AppData\Local\Temp\ccbiaWhF.s:711    .text.printf:0000000e .L0 
C:\Users\nesus\AppData\Local\Temp\ccbiaWhF.s:717    .text.printf:00000018 .L0 
C:\Users\nesus\AppData\Local\Temp\ccbiaWhF.s:719    .text.printf:0000001a .L0 
C:\Users\nesus\AppData\Local\Temp\ccbiaWhF.s:720    .text.printf:0000001a .L0 
C:\Users\nesus\AppData\Local\Temp\ccbiaWhF.s:723    .text.printf:00000022 .L0 
C:\Users\nesus\AppData\Local\Temp\ccbiaWhF.s:724    .text.printf:00000024 .L0 
C:\Users\nesus\AppData\Local\Temp\ccbiaWhF.s:726    .text.printf:00000026 .L0 
C:\Users\nesus\AppData\Local\Temp\ccbiaWhF.s:728    .text.printf:00000028 .L0 
C:\Users\nesus\AppData\Local\Temp\ccbiaWhF.s:735    .text.sprintf:00000000 sprintf
C:\Users\nesus\AppData\Local\Temp\ccbiaWhF.s:738    .text.sprintf:00000000 .L0 
C:\Users\nesus\AppData\Local\Temp\ccbiaWhF.s:740    .text.sprintf:00000000 .L0 
C:\Users\nesus\AppData\Local\Temp\ccbiaWhF.s:741    .text.sprintf:00000000 .L0 
C:\Users\nesus\AppData\Local\Temp\ccbiaWhF.s:742    .text.sprintf:00000000 .L0 
C:\Users\nesus\AppData\Local\Temp\ccbiaWhF.s:743    .text.sprintf:00000000 $xrv32i2p1_m2p0_c2p0_zicsr2p0_zmmul1p0
C:\Users\nesus\AppData\Local\Temp\ccbiaWhF.s:743    .text.sprintf:00000000 .L0 
C:\Users\nesus\AppData\Local\Temp\ccbiaWhF.s:744    .text.sprintf:00000002 .L0 
C:\Users\nesus\AppData\Local\Temp\ccbiaWhF.s:748    .text.sprintf:00000006 .L0 
C:\Users\nesus\AppData\Local\Temp\ccbiaWhF.s:751    .text.sprintf:00000008 .L0 
C:\Users\nesus\AppData\Local\Temp\ccbiaWhF.s:753    .text.sprintf:0000000a .L0 
C:\Users\nesus\AppData\Local\Temp\ccbiaWhF.s:754    .text.sprintf:0000000c .L0 
C:\Users\nesus\AppData\Local\Temp\ccbiaWhF.s:756    .text.sprintf:0000000c .L0 
C:\Users\nesus\AppData\Local\Temp\ccbiaWhF.s:762    .text.sprintf:00000016 .L0 
C:\Users\nesus\AppData\Local\Temp\ccbiaWhF.s:764    .text.sprintf:00000018 .L0 
C:\Users\nesus\AppData\Local\Temp\ccbiaWhF.s:765    .text.sprintf:00000018 .L0 
C:\Users\nesus\AppData\Local\Temp\ccbiaWhF.s:768    .text.sprintf:00000020 .L0 
C:\Users\nesus\AppData\Local\Temp\ccbiaWhF.s:769    .text.sprintf:00000022 .L0 
C:\Users\nesus\AppData\Local\Temp\ccbiaWhF.s:771    .text.sprintf:00000024 .L0 
C:\Users\nesus\AppData\Local\Temp\ccbiaWhF.s:773    .text.sprintf:00000026 .L0 
C:\Users\nesus\AppData\Local\Temp\ccbiaWhF.s:780    .text.snprintf:00000000 snprintf
C:\Users\nesus\AppData\Local\Temp\ccbiaWhF.s:783    .text.snprintf:00000000 .L0 
C:\Users\nesus\AppData\Local\Temp\ccbiaWhF.s:785    .text.snprintf:00000000 .L0 
C:\Users\nesus\AppData\Local\Temp\ccbiaWhF.s:786    .text.snprintf:00000000 .L0 
C:\Users\nesus\AppData\Local\Temp\ccbiaWhF.s:787    .text.snprintf:00000000 .L0 
C:\Users\nesus\AppData\Local\Temp\ccbiaWhF.s:788    .text.snprintf:00000000 .L0 
C:\Users\nesus\AppData\Local\Temp\ccbiaWhF.s:789    .text.snprintf:00000000 $xrv32i2p1_m2p0_c2p0_zicsr2p0_zmmul1p0
C:\Users\nesus\AppData\Local\Temp\ccbiaWhF.s:789    .text.snprintf:00000000 .L0 
C:\Users\nesus\AppData\Local\Temp\ccbiaWhF.s:790    .text.snprintf:00000002 .L0 
C:\Users\nesus\AppData\Local\Temp\ccbiaWhF.s:795    .text.snprintf:00000006 .L0 
C:\Users\nesus\AppData\Local\Temp\ccbiaWhF.s:798    .text.snprintf:00000008 .L0 
C:\Users\nesus\AppData\Local\Temp\ccbiaWhF.s:801    .text.snprintf:0000000a .L0 
C:\Users\nesus\AppData\Local\Temp\ccbiaWhF.s:802    .text.snprintf:0000000c .L0 
C:\Users\nesus\AppData\Local\Temp\ccbiaWhF.s:804    .text.snprintf:0000000c .L0 
C:\Users\nesus\AppData\Local\Temp\ccbiaWhF.s:810    .text.snprintf:00000016 .L0 
C:\Users\nesus\AppData\Local\Temp\ccbiaWhF.s:812    .text.snprintf:00000018 .L0 
C:\Users\nesus\AppData\Local\Temp\ccbiaWhF.s:813    .text.snprintf:00000018 .L0 
C:\Users\nesus\AppData\Local\Temp\ccbiaWhF.s:816    .text.snprintf:00000020 .L0 
C:\Users\nesus\AppData\Local\Temp\ccbiaWhF.s:817    .text.snprintf:00000022 .L0 
C:\Users\nesus\AppData\Local\Temp\ccbiaWhF.s:819    .text.snprintf:00000024 .L0 
C:\Users\nesus\AppData\Local\Temp\ccbiaWhF.s:821    .text.snprintf:00000026 .L0 
C:\Users\nesus\AppData\Local\Temp\ccbiaWhF.s:828    .text.write:00000000 write
C:\Users\nesus\AppData\Local\Temp\ccbiaWhF.s:831    .text.write:00000000 .L0 
C:\Users\nesus\AppData\Local\Temp\ccbiaWhF.s:833    .text.write:00000000 .L0 
C:\Users\nesus\AppData\Local\Temp\ccbiaWhF.s:834    .text.write:00000000 .L0 
C:\Users\nesus\AppData\Local\Temp\ccbiaWhF.s:835    .text.write:00000000 $xrv32i2p1_m2p0_c2p0_zicsr2p0_zmmul1p0
C:\Users\nesus\AppData\Local\Temp\ccbiaWhF.s:835    .text.write:00000000 .L0 
C:\Users\nesus\AppData\Local\Temp\ccbiaWhF.s:838    .text.write:00000004 .L0 
C:\Users\nesus\AppData\Local\Temp\ccbiaWhF.s:3492   .debug_line_str:00000042 .L0 
C:\Users\nesus\AppData\Local\Temp\ccbiaWhF.s:3492   .debug_line_str:00000070 .L0 
C:\Users\nesus\AppData\Local\Temp\ccbiaWhF.s:3492   .debug_line_str:0000007b .L0 
C:\Users\nesus\AppData\Local\Temp\ccbiaWhF.s:3492   .debug_line_str:000000c8 .L0 
C:\Users\nesus\AppData\Local\Temp\ccbiaWhF.s:3492   .debug_line_str:00000106 .L0 
C:\Users\nesus\AppData\Local\Temp\ccbiaWhF.s:3492   .debug_line_str:0000010f .L0 
C:\Users\nesus\AppData\Local\Temp\ccbiaWhF.s:3492   .debug_line_str:00000118 .L0 
C:\Users\nesus\AppData\Local\Temp\ccbiaWhF.s:3492   .debug_line_str:00000121 .L0 
C:\Users\nesus\AppData\Local\Temp\ccbiaWhF.s:3492   .debug_line_str:00000129 .L0 
C:\Users\nesus\AppData\Local\Temp\ccbiaWhF.s:45     .text.printchar:0000001c .L0 
C:\Users\nesus\AppData\Local\Temp\ccbiaWhF.s:192    .text.prints:000000a6 .L0 
C:\Users\nesus\AppData\Local\Temp\ccbiaWhF.s:375    .text.printi:000000ba .L0 
C:\Users\nesus\AppData\Local\Temp\ccbiaWhF.s:684    .text.print:00000156 .L0 
C:\Users\nesus\AppData\Local\Temp\ccbiaWhF.s:731    .text.printf:00000028 .L0 
C:\Users\nesus\AppData\Local\Temp\ccbiaWhF.s:776    .text.sprintf:00000026 .L0 
C:\Users\nesus\AppData\Local\Temp\ccbiaWhF.s:824    .text.snprintf:00000026 .L0 
C:\Users\nesus\AppData\Local\Temp\ccbiaWhF.s:841    .text.write:00000004 .L0 
                     .debug_frame:00000000 .L0 
C:\Users\nesus\AppData\Local\Temp\ccbiaWhF.s:37     .text.printchar:00000014 .L2
C:\Users\nesus\AppData\Local\Temp\ccbiaWhF.s:93     .text.prints:00000034 .L8
C:\Users\nesus\AppData\Local\Temp\ccbiaWhF.s:108    .text.prints:0000003e .L20
C:\Users\nesus\AppData\Local\Temp\ccbiaWhF.s:136    .text.prints:00000060 .L22
C:\Users\nesus\AppData\Local\Temp\ccbiaWhF.s:149    .text.prints:00000070 .L14
C:\Users\nesus\AppData\Local\Temp\ccbiaWhF.s:86     .text.prints:00000028 .L9
C:\Users\nesus\AppData\Local\Temp\ccbiaWhF.s:115    .text.prints:00000042 .L12
C:\Users\nesus\AppData\Local\Temp\ccbiaWhF.s:104    .text.prints:0000003a .L11
C:\Users\nesus\AppData\Local\Temp\ccbiaWhF.s:126    .text.prints:00000050 .L10
C:\Users\nesus\AppData\Local\Temp\ccbiaWhF.s:140    .text.prints:00000064 .L15
C:\Users\nesus\AppData\Local\Temp\ccbiaWhF.s:177    .text.prints:00000096 .L17
C:\Users\nesus\AppData\Local\Temp\ccbiaWhF.s:157    .text.prints:0000007e .L16
C:\Users\nesus\AppData\Local\Temp\ccbiaWhF.s:250    .text.printi:00000030 .L26
C:\Users\nesus\AppData\Local\Temp\ccbiaWhF.s:275    .text.printi:00000046 .L28
C:\Users\nesus\AppData\Local\Temp\ccbiaWhF.s:302    .text.printi:0000005e .L29
C:\Users\nesus\AppData\Local\Temp\ccbiaWhF.s:355    .text.printi:000000a4 .L35
C:\Users\nesus\AppData\Local\Temp\ccbiaWhF.s:343    .text.printi:00000094 .L31
C:\Users\nesus\AppData\Local\Temp\ccbiaWhF.s:360    .text.printi:000000aa .L32
C:\Users\nesus\AppData\Local\Temp\ccbiaWhF.s:238    .text.printi:00000026 .L25
C:\Users\nesus\AppData\Local\Temp\ccbiaWhF.s:290    .text.printi:00000054 .L30
C:\Users\nesus\AppData\Local\Temp\ccbiaWhF.s:377    .rodata.print.str1.4:00000000 .LC0
C:\Users\nesus\AppData\Local\Temp\ccbiaWhF.s:586    .text.print:000000e0 .L0 
C:\Users\nesus\AppData\Local\Temp\ccbiaWhF.s:466    .text.print:00000044 .L67
C:\Users\nesus\AppData\Local\Temp\ccbiaWhF.s:445    .text.print:00000038 .L49
C:\Users\nesus\AppData\Local\Temp\ccbiaWhF.s:672    .text.print:00000148 .L51
C:\Users\nesus\AppData\Local\Temp\ccbiaWhF.s:434    .text.print:0000002c .L52
C:\Users\nesus\AppData\Local\Temp\ccbiaWhF.s:668    .text.print:00000146 .L69
C:\Users\nesus\AppData\Local\Temp\ccbiaWhF.s:496    .text.print:00000062 .L53
C:\Users\nesus\AppData\Local\Temp\ccbiaWhF.s:535    .text.print:000000aa .L55
C:\Users\nesus\AppData\Local\Temp\ccbiaWhF.s:545    .text.print:000000b2 .L57
C:\Users\nesus\AppData\Local\Temp\ccbiaWhF.s:577    .text.print:000000da .L58
C:\Users\nesus\AppData\Local\Temp\ccbiaWhF.s:560    .text.print:000000bc .L59
C:\Users\nesus\AppData\Local\Temp\ccbiaWhF.s:649    .text.print:00000130 .L60
C:\Users\nesus\AppData\Local\Temp\ccbiaWhF.s:605    .text.print:000000fc .L61
C:\Users\nesus\AppData\Local\Temp\ccbiaWhF.s:630    .text.print:0000011a .L62
C:\Users\nesus\AppData\Local\Temp\ccbiaWhF.s:427    .text.print:00000026 .L50
C:\Users\nesus\AppData\Local\Temp\ccbiaWhF.s:498    .text.print:00000064 .L54
C:\Users\nesus\AppData\Local\Temp\ccbiaWhF.s:509    .text.print:00000072 .L56
C:\Users\nesus\AppData\Local\Temp\ccbiaWhF.s:639    .text.print:00000124 .L64
C:\Users\nesus\AppData\Local\Temp\ccbiaWhF.s:529    .text.print:000000a6 .L63
C:\Users\nesus\AppData\Local\Temp\ccbiaWhF.s:615    .text.print:00000108 .L81
C:\Users\nesus\AppData\Local\Temp\ccbiaWhF.s:591    .text.print:000000ec .L66
C:\Users\nesus\AppData\Local\Temp\ccbiaWhF.s:620    .text.print:00000114 .L80
C:\Users\nesus\AppData\Local\Temp\ccbiaWhF.s:571    .text.print:000000d4 .L83
C:\Users\nesus\AppData\Local\Temp\ccbiaWhF.s:613    .text.print:00000106 .L82
C:\Users\nesus\AppData\Local\Temp\ccbiaWhF.s:597    .text.print:000000f0 .L84
C:\Users\nesus\AppData\Local\Temp\ccbiaWhF.s:1599   .debug_abbrev:00000000 .Ldebug_abbrev0
C:\Users\nesus\AppData\Local\Temp\ccbiaWhF.s:3430   .debug_str:0000004c .LASF31
C:\Users\nesus\AppData\Local\Temp\ccbiaWhF.s:3489   .debug_line_str:0000002e .LASF0
C:\Users\nesus\AppData\Local\Temp\ccbiaWhF.s:3487   .debug_line_str:00000000 .LASF1
C:\Users\nesus\AppData\Local\Temp\ccbiaWhF.s:3388   .debug_rnglists:00000018 .LLRL35
C:\Users\nesus\AppData\Local\Temp\ccbiaWhF.s:3416   .debug_line:00000000 .Ldebug_line0
C:\Users\nesus\AppData\Local\Temp\ccbiaWhF.s:3454   .debug_str:000001a6 .LASF2
C:\Users\nesus\AppData\Local\Temp\ccbiaWhF.s:3456   .debug_str:000001b3 .LASF3
C:\Users\nesus\AppData\Local\Temp\ccbiaWhF.s:3450   .debug_str:00000190 .LASF4
C:\Users\nesus\AppData\Local\Temp\ccbiaWhF.s:3418   .debug_str:00000000 .LASF32
C:\Users\nesus\AppData\Local\Temp\ccbiaWhF.s:3444   .debug_str:00000171 .LASF5
C:\Users\nesus\AppData\Local\Temp\ccbiaWhF.s:3482   .debug_str:0000022f .LASF6
C:\Users\nesus\AppData\Local\Temp\ccbiaWhF.s:3438   .debug_str:0000014b .LASF7
C:\Users\nesus\AppData\Local\Temp\ccbiaWhF.s:3472   .debug_str:00000205 .LASF8
C:\Users\nesus\AppData\Local\Temp\ccbiaWhF.s:3428   .debug_str:00000039 .LASF9
C:\Users\nesus\AppData\Local\Temp\ccbiaWhF.s:3424   .debug_str:00000027 .LASF10
C:\Users\nesus\AppData\Local\Temp\ccbiaWhF.s:3440   .debug_str:00000159 .LASF11
C:\Users\nesus\AppData\Local\Temp\ccbiaWhF.s:3462   .debug_str:000001de .LASF12
C:\Users\nesus\AppData\Local\Temp\ccbiaWhF.s:3480   .debug_str:00000223 .LASF13
C:\Users\nesus\AppData\Local\Temp\ccbiaWhF.s:3464   .debug_str:000001ec .LASF14
C:\Users\nesus\AppData\Local\Temp\ccbiaWhF.s:3420   .debug_str:00000012 .LASF30
C:\Users\nesus\AppData\Local\Temp\ccbiaWhF.s:3442   .debug_str:0000016b .LASF15
C:\Users\nesus\AppData\Local\Temp\ccbiaWhF.s:829    .text.write:00000000 .LFB10
C:\Users\nesus\AppData\Local\Temp\ccbiaWhF.s:839    .text.write:00000004 .LFE10
C:\Users\nesus\AppData\Local\Temp\ccbiaWhF.s:2093   .debug_loclists:0000000c .LLST34
C:\Users\nesus\AppData\Local\Temp\ccbiaWhF.s:3426   .debug_str:00000030 .LASF16
C:\Users\nesus\AppData\Local\Temp\ccbiaWhF.s:781    .text.snprintf:00000000 .LFB9
C:\Users\nesus\AppData\Local\Temp\ccbiaWhF.s:822    .text.snprintf:00000026 .LFE9
C:\Users\nesus\AppData\Local\Temp\ccbiaWhF.s:2116   .debug_loclists:00000025 .LLST31
C:\Users\nesus\AppData\Local\Temp\ccbiaWhF.s:3422   .debug_str:00000021 .LASF17
C:\Users\nesus\AppData\Local\Temp\ccbiaWhF.s:2131   .debug_loclists:00000036 .LLST32
C:\Users\nesus\AppData\Local\Temp\ccbiaWhF.s:3452   .debug_str:0000019f .LASF18
C:\Users\nesus\AppData\Local\Temp\ccbiaWhF.s:2154   .debug_loclists:0000004f .LLST33
C:\Users\nesus\AppData\Local\Temp\ccbiaWhF.s:3474   .debug_str:0000020f .LASF20
C:\Users\nesus\AppData\Local\Temp\ccbiaWhF.s:814    .text.snprintf:00000020 .LVL102
C:\Users\nesus\AppData\Local\Temp\ccbiaWhF.s:3484   .debug_str:0000023b .LASF19
C:\Users\nesus\AppData\Local\Temp\ccbiaWhF.s:736    .text.sprintf:00000000 .LFB8
C:\Users\nesus\AppData\Local\Temp\ccbiaWhF.s:774    .text.sprintf:00000026 .LFE8
C:\Users\nesus\AppData\Local\Temp\ccbiaWhF.s:2182   .debug_loclists:0000006d .LLST29
C:\Users\nesus\AppData\Local\Temp\ccbiaWhF.s:2197   .debug_loclists:0000007e .LLST30
C:\Users\nesus\AppData\Local\Temp\ccbiaWhF.s:766    .text.sprintf:00000020 .LVL97
C:\Users\nesus\AppData\Local\Temp\ccbiaWhF.s:3468   .debug_str:000001f7 .LASF21
C:\Users\nesus\AppData\Local\Temp\ccbiaWhF.s:689    .text.printf:00000000 .LFB7
C:\Users\nesus\AppData\Local\Temp\ccbiaWhF.s:729    .text.printf:00000028 .LFE7
C:\Users\nesus\AppData\Local\Temp\ccbiaWhF.s:2220   .debug_loclists:00000097 .LLST28
C:\Users\nesus\AppData\Local\Temp\ccbiaWhF.s:721    .text.printf:00000022 .LVL94
C:\Users\nesus\AppData\Local\Temp\ccbiaWhF.s:3466   .debug_str:000001f1 .LASF23
C:\Users\nesus\AppData\Local\Temp\ccbiaWhF.s:383    .text.print:00000000 .LFB6
C:\Users\nesus\AppData\Local\Temp\ccbiaWhF.s:682    .text.print:00000156 .LFE6
C:\Users\nesus\AppData\Local\Temp\ccbiaWhF.s:2248   .debug_loclists:000000b5 .LLST21
C:\Users\nesus\AppData\Local\Temp\ccbiaWhF.s:2262   .debug_loclists:000000c6 .LLST22
C:\Users\nesus\AppData\Local\Temp\ccbiaWhF.s:2360   .debug_loclists:0000013f .LLST23
C:\Users\nesus\AppData\Local\Temp\ccbiaWhF.s:3446   .debug_str:00000179 .LASF22
C:\Users\nesus\AppData\Local\Temp\ccbiaWhF.s:2434   .debug_loclists:000001a4 .LLST24
C:\Users\nesus\AppData\Local\Temp\ccbiaWhF.s:2481   .debug_loclists:000001de .LLST25
C:\Users\nesus\AppData\Local\Temp\ccbiaWhF.s:2528   .debug_loclists:00000218 .LLST26
C:\Users\nesus\AppData\Local\Temp\ccbiaWhF.s:578    .text.print:000000da .LBB4
C:\Users\nesus\AppData\Local\Temp\ccbiaWhF.s:598    .text.print:000000f0 .LBE4
C:\Users\nesus\AppData\Local\Temp\ccbiaWhF.s:2550   .debug_loclists:00000233 .LLST27
C:\Users\nesus\AppData\Local\Temp\ccbiaWhF.s:602    .text.print:000000fa .LVL77
C:\Users\nesus\AppData\Local\Temp\ccbiaWhF.s:619    .text.print:00000114 .LVL80
C:\Users\nesus\AppData\Local\Temp\ccbiaWhF.s:676    .text.print:00000152 .LVL90
C:\Users\nesus\AppData\Local\Temp\ccbiaWhF.s:3470   .debug_str:000001fe .LASF24
C:\Users\nesus\AppData\Local\Temp\ccbiaWhF.s:196    .text.printi:00000000 .LFB5
C:\Users\nesus\AppData\Local\Temp\ccbiaWhF.s:373    .text.printi:000000ba .LFE5
C:\Users\nesus\AppData\Local\Temp\ccbiaWhF.s:2565   .debug_loclists:00000244 .LLST9
C:\Users\nesus\AppData\Local\Temp\ccbiaWhF.s:2598   .debug_loclists:00000268 .LLST10
C:\Users\nesus\AppData\Local\Temp\ccbiaWhF.s:2648   .debug_loclists:0000029d .LLST11
C:\Users\nesus\AppData\Local\Temp\ccbiaWhF.s:2700   .debug_loclists:000002d8 .LLST12
C:\Users\nesus\AppData\Local\Temp\ccbiaWhF.s:2747   .debug_loclists:0000030a .LLST13
C:\Users\nesus\AppData\Local\Temp\ccbiaWhF.s:2791   .debug_loclists:0000033f .LLST14
C:\Users\nesus\AppData\Local\Temp\ccbiaWhF.s:3476   .debug_str:00000214 .LASF25
C:\Users\nesus\AppData\Local\Temp\ccbiaWhF.s:2849   .debug_loclists:00000382 .LLST15
C:\Users\nesus\AppData\Local\Temp\ccbiaWhF.s:3458   .debug_str:000001ca .LASF26
C:\Users\nesus\AppData\Local\Temp\ccbiaWhF.s:2898   .debug_loclists:000003b8 .LLST16
C:\Users\nesus\AppData\Local\Temp\ccbiaWhF.s:2931   .debug_loclists:000003db .LLST17
C:\Users\nesus\AppData\Local\Temp\ccbiaWhF.s:2947   .debug_loclists:000003ed .LLST18
C:\Users\nesus\AppData\Local\Temp\ccbiaWhF.s:2979   .debug_loclists:00000412 .LLST19
C:\Users\nesus\AppData\Local\Temp\ccbiaWhF.s:3012   .debug_loclists:0000043c .LLST20
C:\Users\nesus\AppData\Local\Temp\ccbiaWhF.s:237    .text.printi:00000026 .LVL30
C:\Users\nesus\AppData\Local\Temp\ccbiaWhF.s:336    .text.printi:0000008e .LVL46
C:\Users\nesus\AppData\Local\Temp\ccbiaWhF.s:349    .text.printi:000000a0 .LVL48
C:\Users\nesus\AppData\Local\Temp\ccbiaWhF.s:3478   .debug_str:0000021c .LASF27
C:\Users\nesus\AppData\Local\Temp\ccbiaWhF.s:49     .text.prints:00000000 .LFB4
C:\Users\nesus\AppData\Local\Temp\ccbiaWhF.s:190    .text.prints:000000a6 .LFE4
C:\Users\nesus\AppData\Local\Temp\ccbiaWhF.s:3082   .debug_loclists:00000488 .LLST2
C:\Users\nesus\AppData\Local\Temp\ccbiaWhF.s:3432   .debug_str:00000135 .LASF28
C:\Users\nesus\AppData\Local\Temp\ccbiaWhF.s:3096   .debug_loclists:00000499 .LLST3
C:\Users\nesus\AppData\Local\Temp\ccbiaWhF.s:3123   .debug_loclists:000004b6 .LLST4
C:\Users\nesus\AppData\Local\Temp\ccbiaWhF.s:3190   .debug_loclists:000004fe .LLST5
C:\Users\nesus\AppData\Local\Temp\ccbiaWhF.s:3237   .debug_loclists:00000530 .LLST6
C:\Users\nesus\AppData\Local\Temp\ccbiaWhF.s:3436   .debug_str:00000143 .LASF29
C:\Users\nesus\AppData\Local\Temp\ccbiaWhF.s:3264   .debug_loclists:0000054d .LLST7
C:\Users\nesus\AppData\Local\Temp\ccbiaWhF.s:3378   .debug_rnglists:0000000c .LLRL8
C:\Users\nesus\AppData\Local\Temp\ccbiaWhF.s:78     .text.prints:00000022 .LVL6
C:\Users\nesus\AppData\Local\Temp\ccbiaWhF.s:121    .text.prints:0000004e .LVL14
C:\Users\nesus\AppData\Local\Temp\ccbiaWhF.s:144    .text.prints:0000006e .LVL19
C:\Users\nesus\AppData\Local\Temp\ccbiaWhF.s:183    .text.prints:000000a2 .LVL22
C:\Users\nesus\AppData\Local\Temp\ccbiaWhF.s:3460   .debug_str:000001d4 .LASF33
C:\Users\nesus\AppData\Local\Temp\ccbiaWhF.s:14     .text.printchar:00000000 .LFB3
C:\Users\nesus\AppData\Local\Temp\ccbiaWhF.s:43     .text.printchar:0000001c .LFE3
C:\Users\nesus\AppData\Local\Temp\ccbiaWhF.s:3292   .debug_loclists:0000056c .LLST0
C:\Users\nesus\AppData\Local\Temp\ccbiaWhF.s:3320   .debug_loclists:0000058a .LLST1
C:\Users\nesus\AppData\Local\Temp\ccbiaWhF.s:41     .text.printchar:0000001c .LVL2
C:\Users\nesus\AppData\Local\Temp\ccbiaWhF.s:3434   .debug_str:0000013c .LASF34
C:\Users\nesus\AppData\Local\Temp\ccbiaWhF.s:3448   .debug_str:0000017f .LASF35
C:\Users\nesus\AppData\Local\Temp\ccbiaWhF.s:832    .text.write:00000000 .LVL103
C:\Users\nesus\AppData\Local\Temp\ccbiaWhF.s:784    .text.snprintf:00000000 .LVL98
C:\Users\nesus\AppData\Local\Temp\ccbiaWhF.s:739    .text.sprintf:00000000 .LVL95
C:\Users\nesus\AppData\Local\Temp\ccbiaWhF.s:692    .text.printf:00000000 .LVL92
C:\Users\nesus\AppData\Local\Temp\ccbiaWhF.s:386    .text.print:00000000 .LVL53
C:\Users\nesus\AppData\Local\Temp\ccbiaWhF.s:472    .text.print:00000048 .LVL58
C:\Users\nesus\AppData\Local\Temp\ccbiaWhF.s:407    .text.print:0000000c .LVL54
C:\Users\nesus\AppData\Local\Temp\ccbiaWhF.s:583    .text.print:000000e0 .LVL74
C:\Users\nesus\AppData\Local\Temp\ccbiaWhF.s:199    .text.printi:00000000 .LVL24
C:\Users\nesus\AppData\Local\Temp\ccbiaWhF.s:274    .text.printi:00000046 .LVL36
C:\Users\nesus\AppData\Local\Temp\ccbiaWhF.s:294    .text.printi:00000058 .LVL39
C:\Users\nesus\AppData\Local\Temp\ccbiaWhF.s:209    .text.printi:00000008 .LVL25
C:\Users\nesus\AppData\Local\Temp\ccbiaWhF.s:52     .text.prints:00000000 .LVL3
C:\Users\nesus\AppData\Local\Temp\ccbiaWhF.s:63     .text.prints:00000008 .LVL4
C:\Users\nesus\AppData\Local\Temp\ccbiaWhF.s:18     .text.printchar:00000000 .LVL0
C:\Users\nesus\AppData\Local\Temp\ccbiaWhF.s:836    .text.write:00000002 .LVL104
C:\Users\nesus\AppData\Local\Temp\ccbiaWhF.s:796    .text.snprintf:00000008 .LVL100
C:\Users\nesus\AppData\Local\Temp\ccbiaWhF.s:793    .text.snprintf:00000006 .LVL99
C:\Users\nesus\AppData\Local\Temp\ccbiaWhF.s:799    .text.snprintf:0000000a .LVL101
C:\Users\nesus\AppData\Local\Temp\ccbiaWhF.s:749    .text.sprintf:00000008 .LVL96
C:\Users\nesus\AppData\Local\Temp\ccbiaWhF.s:706    .text.printf:0000000c .LVL93
C:\Users\nesus\AppData\Local\Temp\ccbiaWhF.s:426    .text.print:00000026 .LVL55
C:\Users\nesus\AppData\Local\Temp\ccbiaWhF.s:433    .text.print:0000002c .LVL56
C:\Users\nesus\AppData\Local\Temp\ccbiaWhF.s:465    .text.print:00000044 .LVL57
C:\Users\nesus\AppData\Local\Temp\ccbiaWhF.s:491    .text.print:00000060 .LVL59
C:\Users\nesus\AppData\Local\Temp\ccbiaWhF.s:495    .text.print:00000062 .LVL60
C:\Users\nesus\AppData\Local\Temp\ccbiaWhF.s:499    .text.print:00000064 .LVL61
C:\Users\nesus\AppData\Local\Temp\ccbiaWhF.s:528    .text.print:000000a6 .LVL63
C:\Users\nesus\AppData\Local\Temp\ccbiaWhF.s:532    .text.print:000000a8 .LVL64
C:\Users\nesus\AppData\Local\Temp\ccbiaWhF.s:534    .text.print:000000aa .LVL65
C:\Users\nesus\AppData\Local\Temp\ccbiaWhF.s:540    .text.print:000000ae .LVL66
C:\Users\nesus\AppData\Local\Temp\ccbiaWhF.s:544    .text.print:000000b2 .LVL67
C:\Users\nesus\AppData\Local\Temp\ccbiaWhF.s:553    .text.print:000000b8 .LVL69
C:\Users\nesus\AppData\Local\Temp\ccbiaWhF.s:556    .text.print:000000ba .LVL70
C:\Users\nesus\AppData\Local\Temp\ccbiaWhF.s:559    .text.print:000000bc .LVL71
C:\Users\nesus\AppData\Local\Temp\ccbiaWhF.s:667    .text.print:00000146 .LVL88
C:\Users\nesus\AppData\Local\Temp\ccbiaWhF.s:671    .text.print:00000148 .LVL89
C:\Users\nesus\AppData\Local\Temp\ccbiaWhF.s:568    .text.print:000000d0 .LVL72
C:\Users\nesus\AppData\Local\Temp\ccbiaWhF.s:576    .text.print:000000da .LVL73
C:\Users\nesus\AppData\Local\Temp\ccbiaWhF.s:604    .text.print:000000fc .LVL78
C:\Users\nesus\AppData\Local\Temp\ccbiaWhF.s:609    .text.print:00000100 .LVL79
C:\Users\nesus\AppData\Local\Temp\ccbiaWhF.s:629    .text.print:0000011a .LVL82
C:\Users\nesus\AppData\Local\Temp\ccbiaWhF.s:634    .text.print:0000011e .LVL83
C:\Users\nesus\AppData\Local\Temp\ccbiaWhF.s:638    .text.print:00000124 .LVL84
C:\Users\nesus\AppData\Local\Temp\ccbiaWhF.s:643    .text.print:00000128 .LVL85
C:\Users\nesus\AppData\Local\Temp\ccbiaWhF.s:648    .text.print:00000130 .LVL86
C:\Users\nesus\AppData\Local\Temp\ccbiaWhF.s:655    .text.print:00000136 .LVL87
C:\Users\nesus\AppData\Local\Temp\ccbiaWhF.s:508    .text.print:00000072 .LVL62
C:\Users\nesus\AppData\Local\Temp\ccbiaWhF.s:596    .text.print:000000f0 .LVL76
C:\Users\nesus\AppData\Local\Temp\ccbiaWhF.s:679    .text.print:00000154 .LVL91
C:\Users\nesus\AppData\Local\Temp\ccbiaWhF.s:594    .text.print:000000ee .LVL75
C:\Users\nesus\AppData\Local\Temp\ccbiaWhF.s:249    .text.printi:00000030 .LVL31
C:\Users\nesus\AppData\Local\Temp\ccbiaWhF.s:256    .text.printi:00000034 .LVL32
C:\Users\nesus\AppData\Local\Temp\ccbiaWhF.s:231    .text.printi:0000001a .LVL29
C:\Users\nesus\AppData\Local\Temp\ccbiaWhF.s:271    .text.printi:00000044 .LVL35
C:\Users\nesus\AppData\Local\Temp\ccbiaWhF.s:219    .text.printi:00000010 .LVL26
C:\Users\nesus\AppData\Local\Temp\ccbiaWhF.s:354    .text.printi:000000a4 .LVL49
C:\Users\nesus\AppData\Local\Temp\ccbiaWhF.s:221    .text.printi:00000012 .LVL27
C:\Users\nesus\AppData\Local\Temp\ccbiaWhF.s:261    .text.printi:00000038 .LVL33
C:\Users\nesus\AppData\Local\Temp\ccbiaWhF.s:342    .text.printi:00000094 .LVL47
C:\Users\nesus\AppData\Local\Temp\ccbiaWhF.s:228    .text.printi:00000018 .LVL28
C:\Users\nesus\AppData\Local\Temp\ccbiaWhF.s:289    .text.printi:00000054 .LVL38
C:\Users\nesus\AppData\Local\Temp\ccbiaWhF.s:284    .text.printi:0000004e .LVL37
C:\Users\nesus\AppData\Local\Temp\ccbiaWhF.s:310    .text.printi:0000006a .LVL42
C:\Users\nesus\AppData\Local\Temp\ccbiaWhF.s:359    .text.printi:000000aa .LVL50
C:\Users\nesus\AppData\Local\Temp\ccbiaWhF.s:370    .text.printi:000000b8 .LVL52
C:\Users\nesus\AppData\Local\Temp\ccbiaWhF.s:306    .text.printi:00000062 .LVL41
C:\Users\nesus\AppData\Local\Temp\ccbiaWhF.s:314    .text.printi:0000006e .LVL43
C:\Users\nesus\AppData\Local\Temp\ccbiaWhF.s:267    .text.printi:00000040 .LVL34
C:\Users\nesus\AppData\Local\Temp\ccbiaWhF.s:367    .text.printi:000000b4 .LVL51
C:\Users\nesus\AppData\Local\Temp\ccbiaWhF.s:325    .text.printi:0000007a .LVL44
C:\Users\nesus\AppData\Local\Temp\ccbiaWhF.s:330    .text.printi:00000080 .LVL45
C:\Users\nesus\AppData\Local\Temp\ccbiaWhF.s:76     .text.prints:0000001a .LVL5
C:\Users\nesus\AppData\Local\Temp\ccbiaWhF.s:139    .text.prints:00000064 .LVL18
C:\Users\nesus\AppData\Local\Temp\ccbiaWhF.s:156    .text.prints:0000007e .LVL21
C:\Users\nesus\AppData\Local\Temp\ccbiaWhF.s:103    .text.prints:0000003a .LVL10
C:\Users\nesus\AppData\Local\Temp\ccbiaWhF.s:107    .text.prints:0000003e .LVL11
C:\Users\nesus\AppData\Local\Temp\ccbiaWhF.s:112    .text.prints:00000040 .LVL12
C:\Users\nesus\AppData\Local\Temp\ccbiaWhF.s:114    .text.prints:00000042 .LVL13
C:\Users\nesus\AppData\Local\Temp\ccbiaWhF.s:125    .text.prints:00000050 .LVL15
C:\Users\nesus\AppData\Local\Temp\ccbiaWhF.s:130    .text.prints:00000058 .LVL16
C:\Users\nesus\AppData\Local\Temp\ccbiaWhF.s:135    .text.prints:00000060 .LVL17
C:\Users\nesus\AppData\Local\Temp\ccbiaWhF.s:187    .text.prints:000000a4 .LVL23
C:\Users\nesus\AppData\Local\Temp\ccbiaWhF.s:98     .text.prints:00000036 .LVL9
C:\Users\nesus\AppData\Local\Temp\ccbiaWhF.s:94     .text.prints:00000034 .LVL8
C:\Users\nesus\AppData\Local\Temp\ccbiaWhF.s:24     .text.printchar:00000004 .LVL1
C:\Users\nesus\AppData\Local\Temp\ccbiaWhF.s:847    .debug_info:00000000 .Ldebug_info0
C:\Users\nesus\AppData\Local\Temp\ccbiaWhF.s:73     .text.prints:00000018 .LBB2
C:\Users\nesus\AppData\Local\Temp\ccbiaWhF.s:88     .text.prints:00000028 .LBE2
C:\Users\nesus\AppData\Local\Temp\ccbiaWhF.s:109    .text.prints:0000003e .LBB3
C:\Users\nesus\AppData\Local\Temp\ccbiaWhF.s:116    .text.prints:00000042 .LBE3

UNDEFINED SYMBOLS
wbuart_outbyte
__riscv_save_6
strlen
__riscv_restore_6
__riscv_save_3
__riscv_restore_3
__riscv_save_11
__riscv_restore_11
