Reading netlist file: "F:\ALL_PROJECT\gowin\GMD_workspace\my_1\hardware\picorv32_sopc\my_1\impl\gwsynthesis\my_1.vg"
Parsing netlist file "F:\ALL_PROJECT\gowin\GMD_workspace\my_1\hardware\picorv32_sopc\my_1\impl\gwsynthesis\my_1.vg" completed
Processing netlist completed
Reading constraint file: "F:\ALL_PROJECT\gowin\GMD_workspace\my_1\hardware\picorv32_sopc\my_1\src\my_1.cst"
Physical Constraint parsed completed
Running placement......
[10%] Placement Phase 0 completed
[20%] Placement Phase 1 completed
[30%] Placement Phase 2 completed
[50%] Placement Phase 3 completed
Running routing......
[60%] Routing Phase 0 completed
[70%] Routing Phase 1 completed
[80%] Routing Phase 2 completed
[90%] Routing Phase 3 completed
Running timing analysis......
[95%] Timing analysis completed
Placement and routing completed
Bitstream generation in progress......
Bitstream generation completed
Running power analysis......
[100%] Power analysis completed
Generate file "F:\ALL_PROJECT\gowin\GMD_workspace\my_1\hardware\picorv32_sopc\my_1\impl\pnr\my_1.power.html" completed
Generate file "F:\ALL_PROJECT\gowin\GMD_workspace\my_1\hardware\picorv32_sopc\my_1\impl\pnr\my_1.pin.html" completed
Generate file "F:\ALL_PROJECT\gowin\GMD_workspace\my_1\hardware\picorv32_sopc\my_1\impl\pnr\my_1.rpt.html" completed
Generate file "F:\ALL_PROJECT\gowin\GMD_workspace\my_1\hardware\picorv32_sopc\my_1\impl\pnr\my_1.rpt.txt" completed
Generate file "F:\ALL_PROJECT\gowin\GMD_workspace\my_1\hardware\picorv32_sopc\my_1\impl\pnr\my_1.tr.html" completed
Tue Aug 18 20:45:47 2026

