GowinSynthesis start
Running parser ...
Analyzing Verilog file 'F:\ALL_PROJECT\gowin\GMD_workspace\my_1\hardware\picorv32_sopc\my_1\src\top.v'
Analyzing Verilog file 'F:\ALL_PROJECT\gowin\GMD_workspace\my_1\hardware\picorv32_sopc\my_1\src\key_debounce.v'
Analyzing Verilog file 'F:\ALL_PROJECT\gowin\GMD_workspace\my_1\hardware\picorv32_sopc\my_1\src\gowin_picorv32\gowin_picorv32.v'
Analyzing Verilog file 'F:\ALL_PROJECT\gowin\GMD_workspace\my_1\hardware\picorv32_sopc\my_1\src\gowin_rpll\gowin_rpll.v'
Compiling module 'top'("F:\ALL_PROJECT\gowin\GMD_workspace\my_1\hardware\picorv32_sopc\my_1\src\top.v":20)
Compiling module 'Gowin_rPLL'("F:\ALL_PROJECT\gowin\GMD_workspace\my_1\hardware\picorv32_sopc\my_1\src\gowin_rpll\gowin_rpll.v":11)
Compiling module 'key_debounce'("F:\ALL_PROJECT\gowin\GMD_workspace\my_1\hardware\picorv32_sopc\my_1\src\key_debounce.v":8)
Compiling module 'Gowin_PicoRV32_Top'("F:\ALL_PROJECT\gowin\GMD_workspace\my_1\hardware\picorv32_sopc\my_1\src\gowin_picorv32\gowin_picorv32.v":28901)
Compiling module '**'("F:\ALL_PROJECT\gowin\GMD_workspace\my_1\hardware\picorv32_sopc\my_1\src\gowin_picorv32\gowin_picorv32.v":20101)
Compiling module '**'("F:\ALL_PROJECT\gowin\GMD_workspace\my_1\hardware\picorv32_sopc\my_1\src\gowin_picorv32\gowin_picorv32.v":24039)
Compiling module '**'("F:\ALL_PROJECT\gowin\GMD_workspace\my_1\hardware\picorv32_sopc\my_1\src\gowin_picorv32\gowin_picorv32.v":24736)
Compiling module '**'("F:\ALL_PROJECT\gowin\GMD_workspace\my_1\hardware\picorv32_sopc\my_1\src\gowin_picorv32\gowin_picorv32.v":24939)
Compiling module '**'("F:\ALL_PROJECT\gowin\GMD_workspace\my_1\hardware\picorv32_sopc\my_1\src\gowin_picorv32\gowin_picorv32.v":25260)
Compiling module '**'("F:\ALL_PROJECT\gowin\GMD_workspace\my_1\hardware\picorv32_sopc\my_1\src\gowin_picorv32\gowin_picorv32.v":25741)
Compiling module '**'("F:\ALL_PROJECT\gowin\GMD_workspace\my_1\hardware\picorv32_sopc\my_1\src\gowin_picorv32\gowin_picorv32.v":28677)
Compiling module '**'("F:\ALL_PROJECT\gowin\GMD_workspace\my_1\hardware\picorv32_sopc\my_1\src\gowin_picorv32\gowin_picorv32.v":28900)
NOTE  (EX0101) : Current top module is "top"
[5%] Running netlist conversion ...
Running device independent optimization ...
[10%] Optimizing Phase 0 completed
[15%] Optimizing Phase 1 completed
[25%] Optimizing Phase 2 completed
Running inference ...
[30%] Inferring Phase 0 completed
[40%] Inferring Phase 1 completed
[50%] Inferring Phase 2 completed
[55%] Inferring Phase 3 completed
Running technical mapping ...
[60%] Tech-Mapping Phase 0 completed
[65%] Tech-Mapping Phase 1 completed
[75%] Tech-Mapping Phase 2 completed
[80%] Tech-Mapping Phase 3 completed
[90%] Tech-Mapping Phase 4 completed
[95%] Generate netlist file "F:\ALL_PROJECT\gowin\GMD_workspace\my_1\hardware\picorv32_sopc\my_1\impl\gwsynthesis\my_1.vg" completed
[100%] Generate report file "F:\ALL_PROJECT\gowin\GMD_workspace\my_1\hardware\picorv32_sopc\my_1\impl\gwsynthesis\my_1_syn.rpt.html" completed
GowinSynthesis finish
